Nov 22 20:34:54 nidzik kernel: klogd 1.5.1, log source = /proc/kmsg started.
Nov 22 20:34:54 nidzik kernel: Cannot find map file.
Nov 22 20:34:54 nidzik kernel: Loaded 47308 symbols from 1 module.
Nov 22 20:34:54 nidzik kernel: [    0.000000] Linux version 4.20.0-thor_kernel-00087-gc8ce94b8fe53-dirty (root@nidzik) (gcc version 7.2.0 (GCC)) #2 SMP Thu Nov 22 18:41:37 CET 2018
Nov 22 20:34:54 nidzik kernel: [    0.000000] Command line: BOOT_IMAGE=/vmlinuz-4.20.3-nico-debugkernel root=/dev/sda1 ro
Nov 22 20:34:54 nidzik kernel: [    0.000000] x86/fpu: Supporting XSAVE feature 0x001: 'x87 floating point registers'
Nov 22 20:34:54 nidzik kernel: [    0.000000] x86/fpu: Supporting XSAVE feature 0x002: 'SSE registers'
Nov 22 20:34:54 nidzik kernel: [    0.000000] x86/fpu: Supporting XSAVE feature 0x004: 'AVX registers'
Nov 22 20:34:54 nidzik kernel: [    0.000000] x86/fpu: xstate_offset[2]:  576, xstate_sizes[2]:  256
Nov 22 20:34:54 nidzik kernel: [    0.000000] x86/fpu: Enabled xstate features 0x7, context size is 832 bytes, using 'standard' format.
Nov 22 20:34:54 nidzik kernel: [    0.000000] BIOS-provided physical RAM map:
Nov 22 20:34:54 nidzik kernel: [    0.000000] BIOS-e820: [mem 0x0000000000000000-0x000000000009fbff] usable
Nov 22 20:34:54 nidzik kernel: [    0.000000] BIOS-e820: [mem 0x000000000009fc00-0x000000000009ffff] reserved
Nov 22 20:34:54 nidzik kernel: [    0.000000] BIOS-e820: [mem 0x00000000000f0000-0x00000000000fffff] reserved
Nov 22 20:34:54 nidzik kernel: [    0.000000] BIOS-e820: [mem 0x0000000000100000-0x00000000dd5effff] usable
Nov 22 20:34:54 nidzik kernel: [    0.000000] BIOS-e820: [mem 0x00000000dd5f0000-0x00000000dd5fffff] ACPI data
Nov 22 20:34:54 nidzik kernel: [    0.000000] BIOS-e820: [mem 0x00000000fec00000-0x00000000fec00fff] reserved
Nov 22 20:34:54 nidzik kernel: [    0.000000] BIOS-e820: [mem 0x00000000fee00000-0x00000000fee00fff] reserved
Nov 22 20:34:54 nidzik kernel: [    0.000000] BIOS-e820: [mem 0x00000000fffc0000-0x00000000ffffffff] reserved
Nov 22 20:34:54 nidzik kernel: [    0.000000] NX (Execute Disable) protection: active
Nov 22 20:34:54 nidzik kernel: [    0.000000] SMBIOS 2.5 present.
Nov 22 20:34:54 nidzik kernel: [    0.000000] DMI: innotek GmbH VirtualBox/VirtualBox, BIOS VirtualBox 12/01/2006
Nov 22 20:34:54 nidzik kernel: [    0.000000] tsc: Fast TSC calibration failed
Nov 22 20:34:54 nidzik kernel: [    0.000000] e820: update [mem 0x00000000-0x00000fff] usable ==> reserved
Nov 22 20:34:54 nidzik kernel: [    0.000000] e820: remove [mem 0x000a0000-0x000fffff] usable
Nov 22 20:34:54 nidzik kernel: [    0.000000] last_pfn = 0xdd5f0 max_arch_pfn = 0x400000000
Nov 22 20:34:54 nidzik kernel: [    0.000000] MTRR default type: uncachable
Nov 22 20:34:54 nidzik kernel: [    0.000000] MTRR variable ranges disabled:
Nov 22 20:34:54 nidzik kernel: [    0.000000] Disabled
Nov 22 20:34:54 nidzik kernel: [    0.000000] x86/PAT: MTRRs disabled, skipping PAT initialization too.
Nov 22 20:34:54 nidzik kernel: [    0.000000] CPU MTRRs all blank - virtualized system.
Nov 22 20:34:54 nidzik kernel: [    0.000000] x86/PAT: Configuration [0-7]: WB  WT  UC- UC  WB  WT  UC- UC  
Nov 22 20:34:54 nidzik kernel: [    0.000000] found SMP MP-table at [mem 0x0009fff0-0x0009ffff] mapped at [(____ptrval____)]
Nov 22 20:34:54 nidzik kernel: [    0.000000] check: Scanning 1 areas for low memory corruption
Nov 22 20:34:54 nidzik kernel: [    0.000000] Base memory trampoline at [(____ptrval____)] 99000 size 24576
Nov 22 20:34:54 nidzik kernel: [    0.000000] BRK [0x60801000, 0x60801fff] PGTABLE
Nov 22 20:34:54 nidzik kernel: [    0.000000] BRK [0x60802000, 0x60802fff] PGTABLE
Nov 22 20:34:54 nidzik kernel: [    0.000000] BRK [0x60803000, 0x60803fff] PGTABLE
Nov 22 20:34:54 nidzik kernel: [    0.000000] BRK [0x60804000, 0x60804fff] PGTABLE
Nov 22 20:34:54 nidzik kernel: [    0.000000] BRK [0x60805000, 0x60805fff] PGTABLE
Nov 22 20:34:54 nidzik kernel: [    0.000000] BRK [0x60806000, 0x60806fff] PGTABLE
Nov 22 20:34:54 nidzik kernel: [    0.000000] BRK [0x60807000, 0x60807fff] PGTABLE
Nov 22 20:34:54 nidzik kernel: [    0.000000] ACPI: Early table checksum verification disabled
Nov 22 20:34:54 nidzik kernel: [    0.000000] ACPI: RSDP 0x00000000000E0000 000024 (v02 VBOX  )
Nov 22 20:34:54 nidzik kernel: [    0.000000] ACPI: XSDT 0x00000000DD5F0030 00003C (v01 VBOX   VBOXXSDT 00000001 ASL  00000061)
Nov 22 20:34:54 nidzik kernel: [    0.000000] ACPI: FACP 0x00000000DD5F00F0 0000F4 (v04 VBOX   VBOXFACP 00000001 ASL  00000061)
Nov 22 20:34:54 nidzik kernel: [    0.000000] ACPI: DSDT 0x00000000DD5F0480 0021FF (v02 VBOX   VBOXBIOS 00000002 INTL 20100528)
Nov 22 20:34:54 nidzik kernel: [    0.000000] ACPI: FACS 0x00000000DD5F0200 000040
Nov 22 20:34:54 nidzik kernel: [    0.000000] ACPI: FACS 0x00000000DD5F0200 000040
Nov 22 20:34:54 nidzik kernel: [    0.000000] ACPI: APIC 0x00000000DD5F0240 00006C (v02 VBOX   VBOXAPIC 00000001 ASL  00000061)
Nov 22 20:34:54 nidzik kernel: [    0.000000] ACPI: SSDT 0x00000000DD5F02B0 0001CC (v01 VBOX   VBOXCPUT 00000002 INTL 20100528)
Nov 22 20:34:54 nidzik kernel: [    0.000000] ACPI: Local APIC address 0xfee00000
Nov 22 20:34:54 nidzik kernel: [    0.000000] No NUMA configuration found
Nov 22 20:34:54 nidzik kernel: [    0.000000] Faking a node at [mem 0x0000000000000000-0x00000000dd5effff]
Nov 22 20:34:54 nidzik kernel: [    0.000000] NODE_DATA(0) allocated [mem 0xdd5ec000-0xdd5effff]
Nov 22 20:34:54 nidzik kernel: [    0.000000] Zone ranges:
Nov 22 20:34:54 nidzik kernel: [    0.000000]   DMA      [mem 0x0000000000001000-0x0000000000ffffff]
Nov 22 20:34:54 nidzik kernel: [    0.000000]   DMA32    [mem 0x0000000001000000-0x00000000dd5effff]
Nov 22 20:34:54 nidzik kernel: [    0.000000]   Normal   empty
Nov 22 20:34:54 nidzik kernel: [    0.000000] Movable zone start for each node
Nov 22 20:34:54 nidzik kernel: [    0.000000] Early memory node ranges
Nov 22 20:34:54 nidzik kernel: [    0.000000]   node   0: [mem 0x0000000000001000-0x000000000009efff]
Nov 22 20:34:54 nidzik kernel: [    0.000000]   node   0: [mem 0x0000000000100000-0x00000000dd5effff]
Nov 22 20:34:54 nidzik kernel: [    0.000000] Zeroed struct page in unavailable ranges: 98 pages
Nov 22 20:34:54 nidzik kernel: [    0.000000] Initmem setup node 0 [mem 0x0000000000001000-0x00000000dd5effff]
Nov 22 20:34:54 nidzik kernel: [    0.000000] On node 0 totalpages: 906638
Nov 22 20:34:54 nidzik kernel: [    0.000000]   DMA zone: 64 pages used for memmap
Nov 22 20:34:54 nidzik kernel: [    0.000000]   DMA zone: 21 pages reserved
Nov 22 20:34:54 nidzik kernel: [    0.000000]   DMA zone: 3998 pages, LIFO batch:0
Nov 22 20:34:54 nidzik kernel: [    0.000000]   DMA32 zone: 14104 pages used for memmap
Nov 22 20:34:54 nidzik kernel: [    0.000000]   DMA32 zone: 902640 pages, LIFO batch:63
Nov 22 20:34:54 nidzik kernel: [    0.000000] ACPI: PM-Timer IO Port: 0x4008
Nov 22 20:34:54 nidzik kernel: [    0.000000] ACPI: Local APIC address 0xfee00000
Nov 22 20:34:54 nidzik kernel: [    0.000000] IOAPIC[0]: apic_id 4, version 32, address 0xfec00000, GSI 0-23
Nov 22 20:34:54 nidzik kernel: [    0.000000] ACPI: INT_SRC_OVR (bus 0 bus_irq 0 global_irq 2 dfl dfl)
Nov 22 20:34:54 nidzik kernel: [    0.000000] ACPI: INT_SRC_OVR (bus 0 bus_irq 9 global_irq 9 low level)
Nov 22 20:34:54 nidzik kernel: [    0.000000] ACPI: IRQ0 used by override.
Nov 22 20:34:54 nidzik kernel: [    0.000000] ACPI: IRQ9 used by override.
Nov 22 20:34:54 nidzik kernel: [    0.000000] Using ACPI (MADT) for SMP configuration information
Nov 22 20:34:54 nidzik kernel: [    0.000000] smpboot: Allowing 4 CPUs, 0 hotplug CPUs
Nov 22 20:34:54 nidzik kernel: [    0.000000] PM: Registered nosave memory: [mem 0x00000000-0x00000fff]
Nov 22 20:34:54 nidzik kernel: [    0.000000] PM: Registered nosave memory: [mem 0x0009f000-0x0009ffff]
Nov 22 20:34:54 nidzik kernel: [    0.000000] PM: Registered nosave memory: [mem 0x000a0000-0x000effff]
Nov 22 20:34:54 nidzik kernel: [    0.000000] PM: Registered nosave memory: [mem 0x000f0000-0x000fffff]
Nov 22 20:34:54 nidzik kernel: [    0.000000] [mem 0xdd600000-0xfebfffff] available for PCI devices
Nov 22 20:34:54 nidzik kernel: [    0.000000] clocksource: refined-jiffies: mask: 0xffffffff max_cycles: 0xffffffff, max_idle_ns: 1910969940391419 ns
Nov 22 20:34:54 nidzik kernel: [    0.000000] random: get_random_bytes called from start_kernel+0x8b/0x486 with crng_init=0
Nov 22 20:34:54 nidzik kernel: [    0.000000] setup_percpu: NR_CPUS:64 nr_cpumask_bits:64 nr_cpu_ids:4 nr_node_ids:1
Nov 22 20:34:54 nidzik kernel: [    0.000000] percpu: Embedded 43 pages/cpu @(____ptrval____) s138008 r8192 d29928 u524288
Nov 22 20:34:54 nidzik kernel: [    0.000000] pcpu-alloc: s138008 r8192 d29928 u524288 alloc=1*2097152
Nov 22 20:34:54 nidzik kernel: [    0.000000] pcpu-alloc: [0] 0 1 2 3 
Nov 22 20:34:54 nidzik kernel: [    0.000000] Built 1 zonelists, mobility grouping on.  Total pages: 892449
Nov 22 20:34:54 nidzik kernel: [    0.000000] Policy zone: DMA32
Nov 22 20:34:54 nidzik kernel: [    0.000000] Kernel command line: BOOT_IMAGE=/vmlinuz-4.20.3-nico-debugkernel root=/dev/sda1 ro
Nov 22 20:34:54 nidzik kernel: [    0.000000] Calgary: detecting Calgary via BIOS EBDA area
Nov 22 20:34:54 nidzik kernel: [    0.000000] Calgary: Unable to locate Rio Grande table in EBDA - bailing!
Nov 22 20:34:54 nidzik kernel: [    0.000000] Memory: 3541688K/3626552K available (12293K kernel code, 1268K rwdata, 3108K rodata, 1244K init, 1540K bss, 84864K reserved, 0K cma-reserved)
Nov 22 20:34:54 nidzik kernel: [    0.000000] SLUB: HWalign=64, Order=0-3, MinObjects=0, CPUs=4, Nodes=1
Nov 22 20:34:54 nidzik kernel: [    0.000000] Kernel/User page tables isolation: enabled
Nov 22 20:34:54 nidzik kernel: [    0.000000] rcu: Hierarchical RCU implementation.
Nov 22 20:34:54 nidzik kernel: [    0.000000] rcu: ^IRCU event tracing is enabled.
Nov 22 20:34:54 nidzik kernel: [    0.000000] rcu: ^IRCU restricting CPUs from NR_CPUS=64 to nr_cpu_ids=4.
Nov 22 20:34:54 nidzik kernel: [    0.000000] rcu: RCU calculated value of scheduler-enlistment delay is 100 jiffies.
Nov 22 20:34:54 nidzik kernel: [    0.000000] rcu: Adjusting geometry for rcu_fanout_leaf=16, nr_cpu_ids=4
Nov 22 20:34:54 nidzik kernel: [    0.000000] NR_IRQS: 4352, nr_irqs: 456, preallocated irqs: 16
Nov 22 20:34:54 nidzik kernel: [    0.000000] Console: colour VGA+ 80x25
Nov 22 20:34:54 nidzik kernel: [    0.000000] printk: console [tty0] enabled
Nov 22 20:34:54 nidzik kernel: [    0.000000] ACPI: Core revision 20181003
Nov 22 20:34:54 nidzik kernel: [    0.000000] APIC: Switch to symmetric I/O mode setup
Nov 22 20:34:54 nidzik kernel: [    0.000000] ..TIMER: vector=0x30 apic1=0 pin1=2 apic2=-1 pin2=-1
Nov 22 20:34:54 nidzik kernel: [    0.009000] tsc: Unable to calibrate against PIT
Nov 22 20:34:54 nidzik kernel: [    0.009000] tsc: using PMTIMER reference calibration
Nov 22 20:34:54 nidzik kernel: [    0.009000] tsc: Detected 2893.403 MHz processor
Nov 22 20:34:54 nidzik kernel: [    0.000017] clocksource: tsc-early: mask: 0xffffffffffffffff max_cycles: 0x29b4eb21a94, max_idle_ns: 440795212899 ns
Nov 22 20:34:54 nidzik kernel: [    0.000680] Calibrating delay loop (skipped), value calculated using timer frequency.. 5786.80 BogoMIPS (lpj=2893403)
Nov 22 20:34:54 nidzik kernel: [    0.001289] pid_max: default: 32768 minimum: 301
Nov 22 20:34:54 nidzik kernel: [    0.001686] LSM: Security Framework initializing
Nov 22 20:34:54 nidzik kernel: [    0.002044] SELinux:  Initializing.
Nov 22 20:34:54 nidzik kernel: [    0.003095] Dentry cache hash table entries: 524288 (order: 10, 4194304 bytes)
Nov 22 20:34:54 nidzik kernel: [    0.004060] Inode-cache hash table entries: 262144 (order: 9, 2097152 bytes)
Nov 22 20:34:54 nidzik kernel: [    0.004483] Mount-cache hash table entries: 8192 (order: 4, 65536 bytes)
Nov 22 20:34:54 nidzik kernel: [    0.004673] Mountpoint-cache hash table entries: 8192 (order: 4, 65536 bytes)
Nov 22 20:34:54 nidzik kernel: [    0.005231] mce: CPU supports 0 MCE banks
Nov 22 20:34:54 nidzik kernel: [    0.005680] Last level iTLB entries: 4KB 512, 2MB 8, 4MB 8
Nov 22 20:34:54 nidzik kernel: [    0.006111] Last level dTLB entries: 4KB 512, 2MB 32, 4MB 32, 1GB 0
Nov 22 20:34:54 nidzik kernel: [    0.006668] Spectre V2 : Vulnerable: Minimal generic ASM retpoline
Nov 22 20:34:54 nidzik kernel: [    0.007074] Spectre V2 : Spectre v2 / SpectreRSB mitigation: Filling RSB on context switch
Nov 22 20:34:54 nidzik kernel: [    0.007631] Speculative Store Bypass: Vulnerable
Nov 22 20:34:54 nidzik kernel: [    0.007823] Freeing SMP alternatives memory: 40K
Nov 22 20:34:54 nidzik kernel: [    0.009659] smpboot: CPU0: Intel(R) Core(TM) i5-3470S CPU @ 2.90GHz (family: 0x6, model: 0x3a, stepping: 0x9)
Nov 22 20:34:54 nidzik kernel: [    0.009794] Performance Events: unsupported p6 CPU model 58 no PMU driver, software events only.
Nov 22 20:34:54 nidzik kernel: [    0.010470] rcu: Hierarchical SRCU implementation.
Nov 22 20:34:54 nidzik kernel: [    0.010833] smp: Bringing up secondary CPUs ...
Nov 22 20:34:54 nidzik kernel: [    0.011304] x86: Booting SMP configuration:
Nov 22 20:34:54 nidzik kernel: [    0.011666] .... node  #0, CPUs:      #1
Nov 22 20:34:54 nidzik kernel: [    0.000000] mce: CPU supports 0 MCE banks
Nov 22 20:34:54 nidzik kernel: [    0.012837]  #2
Nov 22 20:34:54 nidzik kernel: [    0.000000] mce: CPU supports 0 MCE banks
Nov 22 20:34:54 nidzik kernel: [    0.014843]  #3
Nov 22 20:34:54 nidzik kernel: [    0.000000] mce: CPU supports 0 MCE banks
Nov 22 20:34:54 nidzik kernel: [    0.016685] smp: Brought up 1 node, 4 CPUs
Nov 22 20:34:54 nidzik kernel: [    0.018987] smpboot: Max logical packages: 1
Nov 22 20:34:54 nidzik kernel: [    0.019327] smpboot: Total of 4 processors activated (23147.22 BogoMIPS)
Nov 22 20:34:54 nidzik kernel: [    0.019890] devtmpfs: initialized
Nov 22 20:34:54 nidzik kernel: [    0.020931] clocksource: jiffies: mask: 0xffffffff max_cycles: 0xffffffff, max_idle_ns: 1911260446275000 ns
Nov 22 20:34:54 nidzik kernel: [    0.020877] kworker/u8:0 (31) used greatest stack depth: 14168 bytes left
Nov 22 20:34:54 nidzik kernel: [    0.021687] futex hash table entries: 1024 (order: 4, 65536 bytes)
Nov 22 20:34:54 nidzik kernel: [    0.022920] RTC time: 19:34:50, date: 11/22/18
Nov 22 20:34:54 nidzik kernel: [    0.023699] NET: Registered protocol family 16
Nov 22 20:34:54 nidzik kernel: [    0.024143] audit: initializing netlink subsys (disabled)
Nov 22 20:34:54 nidzik kernel: [    0.024671] audit: type=2000 audit(1542915290.035:1): state=initialized audit_enabled=0 res=1
Nov 22 20:34:54 nidzik kernel: [    0.025441] cpuidle: using governor menu
Nov 22 20:34:54 nidzik kernel: [    0.025700] ACPI: bus type PCI registered
Nov 22 20:34:54 nidzik kernel: [    0.026178] PCI: Using configuration type 1 for base access
Nov 22 20:34:54 nidzik kernel: [    0.043739] HugeTLB registered 2.00 MiB page size, pre-allocated 0 pages
Nov 22 20:34:54 nidzik kernel: [    0.044824] ACPI: Added _OSI(Module Device)
Nov 22 20:34:54 nidzik kernel: [    0.045164] ACPI: Added _OSI(Processor Device)
Nov 22 20:34:54 nidzik kernel: [    0.045672] ACPI: Added _OSI(3.0 _SCP Extensions)
Nov 22 20:34:54 nidzik kernel: [    0.045991] ACPI: Added _OSI(Processor Aggregator Device)
Nov 22 20:34:54 nidzik kernel: [    0.046343] ACPI: Added _OSI(Linux-Dell-Video)
Nov 22 20:34:54 nidzik kernel: [    0.046667] ACPI: Added _OSI(Linux-Lenovo-NV-HDMI-Audio)
Nov 22 20:34:54 nidzik kernel: [    0.048404] ACPI: 2 ACPI AML tables successfully acquired and loaded
Nov 22 20:34:54 nidzik kernel: [    0.050491] ACPI: Interpreter enabled
Nov 22 20:34:54 nidzik kernel: [    0.050678] ACPI: (supports S0 S5)
Nov 22 20:34:54 nidzik kernel: [    0.050998] ACPI: Using IOAPIC for interrupt routing
Nov 22 20:34:54 nidzik kernel: [    0.051674] PCI: Using host bridge windows from ACPI; if necessary, use "pci=nocrs" and report a bug
Nov 22 20:34:54 nidzik kernel: [    0.052395] ACPI: Enabled 2 GPEs in block 00 to 07
Nov 22 20:34:54 nidzik kernel: [    0.057268] ACPI: PCI Root Bridge [PCI0] (domain 0000 [bus 00-ff])
Nov 22 20:34:54 nidzik kernel: [    0.057670] acpi PNP0A03:00: _OSC: OS supports [ASPM ClockPM Segments MSI]
Nov 22 20:34:54 nidzik kernel: [    0.058063] acpi PNP0A03:00: _OSC: not requesting OS control; OS requires [ExtendedConfig ASPM ClockPM MSI]
Nov 22 20:34:54 nidzik kernel: [    0.058628] acpi PNP0A03:00: fail to add MMCONFIG information, can't access extended PCI configuration space under this bridge.
Nov 22 20:34:54 nidzik kernel: [    0.058764] PCI host bridge to bus 0000:00
Nov 22 20:34:54 nidzik kernel: [    0.059667] pci_bus 0000:00: root bus resource [io  0x0000-0x0cf7 window]
Nov 22 20:34:54 nidzik kernel: [    0.060025] pci_bus 0000:00: root bus resource [io  0x0d00-0xffff window]
Nov 22 20:34:54 nidzik kernel: [    0.060407] pci_bus 0000:00: root bus resource [mem 0x000a0000-0x000bffff window]
Nov 22 20:34:54 nidzik kernel: [    0.060666] pci_bus 0000:00: root bus resource [mem 0xdd600000-0xfdffffff window]
Nov 22 20:34:54 nidzik kernel: [    0.061144] pci_bus 0000:00: root bus resource [bus 00-ff]
Nov 22 20:34:54 nidzik kernel: [    0.061706] pci 0000:00:00.0: [8086:1237] type 00 class 0x060000
Nov 22 20:34:54 nidzik kernel: [    0.062406] pci 0000:00:01.0: [8086:7000] type 00 class 0x060100
Nov 22 20:34:54 nidzik kernel: [    0.063504] pci 0000:00:02.0: [80ee:beef] type 00 class 0x030000
Nov 22 20:34:54 nidzik kernel: [    0.065681] pci 0000:00:02.0: reg 0x10: [mem 0xe0000000-0xe3ffffff pref]
Nov 22 20:34:54 nidzik kernel: [    0.082825] pci 0000:00:03.0: [8086:100e] type 00 class 0x020000
Nov 22 20:34:54 nidzik kernel: [    0.084707] pci 0000:00:03.0: reg 0x10: [mem 0xf0000000-0xf001ffff]
Nov 22 20:34:54 nidzik kernel: [    0.088889] pci 0000:00:03.0: reg 0x18: [io  0xd000-0xd007]
Nov 22 20:34:54 nidzik kernel: [    0.098225] pci 0000:00:04.0: [80ee:cafe] type 00 class 0x088000
Nov 22 20:34:54 nidzik kernel: [    0.100811] pci 0000:00:04.0: reg 0x10: [io  0xd020-0xd03f]
Nov 22 20:34:54 nidzik kernel: [    0.101778] pci 0000:00:04.0: reg 0x14: [mem 0xf0400000-0xf07fffff]
Nov 22 20:34:54 nidzik kernel: [    0.104769] pci 0000:00:04.0: reg 0x18: [mem 0xf0800000-0xf0803fff pref]
Nov 22 20:34:54 nidzik kernel: [    0.113119] pci 0000:00:05.0: [8086:2668] type 00 class 0x040300
Nov 22 20:34:54 nidzik kernel: [    0.114793] pci 0000:00:05.0: reg 0x10: [mem 0xf0804000-0xf0807fff]
Nov 22 20:34:54 nidzik kernel: [    0.127665] pci 0000:00:06.0: [106b:003f] type 00 class 0x0c0310
Nov 22 20:34:54 nidzik kernel: [    0.128900] pci 0000:00:06.0: reg 0x10: [mem 0xf0808000-0xf0808fff]
Nov 22 20:34:54 nidzik kernel: [    0.142271] pci 0000:00:07.0: [8086:7113] type 00 class 0x068000
Nov 22 20:34:54 nidzik kernel: [    0.142787] pci 0000:00:07.0: quirk: [io  0x4000-0x403f] claimed by PIIX4 ACPI
Nov 22 20:34:54 nidzik kernel: [    0.143265] pci 0000:00:07.0: quirk: [io  0x4100-0x410f] claimed by PIIX4 SMB
Nov 22 20:34:54 nidzik kernel: [    0.143996] pci 0000:00:0b.0: [8086:265c] type 00 class 0x0c0320
Nov 22 20:34:54 nidzik kernel: [    0.144753] pci 0000:00:0b.0: reg 0x10: [mem 0xf0809000-0xf0809fff]
Nov 22 20:34:54 nidzik kernel: [    0.157256] pci 0000:00:0d.0: [8086:2829] type 00 class 0x010601
Nov 22 20:34:54 nidzik kernel: [    0.158695] pci 0000:00:0d.0: reg 0x10: [io  0xd040-0xd047]
Nov 22 20:34:54 nidzik kernel: [    0.160793] pci 0000:00:0d.0: reg 0x14: [io  0xd048-0xd04b]
Nov 22 20:34:54 nidzik kernel: [    0.161813] pci 0000:00:0d.0: reg 0x18: [io  0xd050-0xd057]
Nov 22 20:34:54 nidzik kernel: [    0.165939] pci 0000:00:0d.0: reg 0x1c: [io  0xd058-0xd05b]
Nov 22 20:34:54 nidzik kernel: [    0.166823] pci 0000:00:0d.0: reg 0x20: [io  0xd060-0xd06f]
Nov 22 20:34:54 nidzik kernel: [    0.169100] pci 0000:00:0d.0: reg 0x24: [mem 0xf080a000-0xf080bfff]
Nov 22 20:34:54 nidzik kernel: [    0.173904] ACPI: PCI Interrupt Link [LNKA] (IRQs 5 9 10 *11)
Nov 22 20:34:54 nidzik kernel: [    0.174524] ACPI: PCI Interrupt Link [LNKB] (IRQs 5 9 *10 11)
Nov 22 20:34:54 nidzik kernel: [    0.174767] ACPI: PCI Interrupt Link [LNKC] (IRQs 5 *9 10 11)
Nov 22 20:34:54 nidzik kernel: [    0.175270] ACPI: PCI Interrupt Link [LNKD] (IRQs 5 9 10 *11)
Nov 22 20:34:54 nidzik kernel: [    0.175968] pci 0000:00:02.0: vgaarb: setting as boot VGA device
Nov 22 20:34:54 nidzik kernel: [    0.176133] pci 0000:00:02.0: vgaarb: VGA device added: decodes=io+mem,owns=io+mem,locks=none
Nov 22 20:34:54 nidzik kernel: [    0.176670] pci 0000:00:02.0: vgaarb: bridge control possible
Nov 22 20:34:54 nidzik kernel: [    0.177710] vgaarb: loaded
Nov 22 20:34:54 nidzik kernel: [    0.178751] SCSI subsystem initialized
Nov 22 20:34:54 nidzik kernel: [    0.179152] libata version 3.00 loaded.
Nov 22 20:34:54 nidzik kernel: [    0.179152] ACPI: bus type USB registered
Nov 22 20:34:54 nidzik kernel: [    0.179825] usbcore: registered new interface driver usbfs
Nov 22 20:34:54 nidzik kernel: [    0.180140] usbcore: registered new interface driver hub
Nov 22 20:34:54 nidzik kernel: [    0.180723] usbcore: registered new device driver usb
Nov 22 20:34:54 nidzik kernel: [    0.181253] pps_core: LinuxPPS API ver. 1 registered
Nov 22 20:34:54 nidzik kernel: [    0.181777] pps_core: Software ver. 5.3.6 - Copyright 2005-2007 Rodolfo Giometti <giometti@linux.it>
Nov 22 20:34:54 nidzik kernel: [    0.182704] PTP clock support registered
Nov 22 20:34:54 nidzik kernel: [    0.183086] EDAC MC: Ver: 3.0.0
Nov 22 20:34:54 nidzik kernel: [    0.183947] Advanced Linux Sound Architecture Driver Initialized.
Nov 22 20:34:54 nidzik kernel: [    0.184780] PCI: Using ACPI for IRQ routing
Nov 22 20:34:54 nidzik kernel: [    0.185055] PCI: pci_cache_line_size set to 64 bytes
Nov 22 20:34:54 nidzik kernel: [    0.185669] e820: reserve RAM buffer [mem 0x0009fc00-0x0009ffff]
Nov 22 20:34:54 nidzik kernel: [    0.185678] e820: reserve RAM buffer [mem 0xdd5f0000-0xdfffffff]
Nov 22 20:34:54 nidzik kernel: [    0.185878] NetLabel: Initializing
Nov 22 20:34:54 nidzik kernel: [    0.186238] NetLabel:  domain hash size = 128
Nov 22 20:34:54 nidzik kernel: [    0.186548] NetLabel:  protocols = UNLABELED CIPSOv4 CALIPSO
Nov 22 20:34:54 nidzik kernel: [    0.186681] NetLabel:  unlabeled traffic allowed by default
Nov 22 20:34:54 nidzik kernel: [    0.187943] clocksource: Switched to clocksource tsc-early
Nov 22 20:34:54 nidzik kernel: [    0.198955] VFS: Disk quotas dquot_6.6.0
Nov 22 20:34:54 nidzik kernel: [    0.199323] VFS: Dquot-cache hash table entries: 512 (order 0, 4096 bytes)
Nov 22 20:34:54 nidzik kernel: [    0.199819] pnp: PnP ACPI init
Nov 22 20:34:54 nidzik kernel: [    0.200219] pnp 00:00: Plug and Play ACPI device, IDs PNP0303 (active)
Nov 22 20:34:54 nidzik kernel: [    0.200307] pnp 00:01: Plug and Play ACPI device, IDs PNP0f03 (active)
Nov 22 20:34:54 nidzik kernel: [    0.201002] pnp: PnP ACPI: found 2 devices
Nov 22 20:34:54 nidzik kernel: [    0.218979] clocksource: acpi_pm: mask: 0xffffff max_cycles: 0xffffff, max_idle_ns: 2085701024 ns
Nov 22 20:34:54 nidzik kernel: [    0.219488] pci_bus 0000:00: resource 4 [io  0x0000-0x0cf7 window]
Nov 22 20:34:54 nidzik kernel: [    0.219490] pci_bus 0000:00: resource 5 [io  0x0d00-0xffff window]
Nov 22 20:34:54 nidzik kernel: [    0.219493] pci_bus 0000:00: resource 6 [mem 0x000a0000-0x000bffff window]
Nov 22 20:34:54 nidzik kernel: [    0.219495] pci_bus 0000:00: resource 7 [mem 0xdd600000-0xfdffffff window]
Nov 22 20:34:54 nidzik kernel: [    0.219542] NET: Registered protocol family 2
Nov 22 20:34:54 nidzik kernel: [    0.219996] tcp_listen_portaddr_hash hash table entries: 2048 (order: 3, 32768 bytes)
Nov 22 20:34:54 nidzik kernel: [    0.220497] TCP established hash table entries: 32768 (order: 6, 262144 bytes)
Nov 22 20:34:54 nidzik kernel: [    0.220998] TCP bind hash table entries: 32768 (order: 7, 524288 bytes)
Nov 22 20:34:54 nidzik kernel: [    0.221662] TCP: Hash tables configured (established 32768 bind 32768)
Nov 22 20:34:54 nidzik kernel: [    0.222100] UDP hash table entries: 2048 (order: 4, 65536 bytes)
Nov 22 20:34:54 nidzik kernel: [    0.222767] UDP-Lite hash table entries: 2048 (order: 4, 65536 bytes)
Nov 22 20:34:54 nidzik kernel: [    0.223254] NET: Registered protocol family 1
Nov 22 20:34:54 nidzik kernel: [    0.224636] RPC: Registered named UNIX socket transport module.
Nov 22 20:34:54 nidzik kernel: [    0.225048] RPC: Registered udp transport module.
Nov 22 20:34:54 nidzik kernel: [    0.225385] RPC: Registered tcp transport module.
Nov 22 20:34:54 nidzik kernel: [    0.225744] RPC: Registered tcp NFSv4.1 backchannel transport module.
Nov 22 20:34:54 nidzik kernel: [    0.226538] pci 0000:00:00.0: Limiting direct PCI/PCI transfers
Nov 22 20:34:54 nidzik kernel: [    0.227030] pci 0000:00:01.0: Activating ISA DMA hang workarounds
Nov 22 20:34:54 nidzik kernel: [    0.227570] pci 0000:00:02.0: Video device with shadowed ROM at [mem 0x000c0000-0x000dffff]
Nov 22 20:34:54 nidzik kernel: [    0.230034] PCI: CLS 0 bytes, default 64
Nov 22 20:34:54 nidzik kernel: [    0.230435] RAPL PMU: API unit is 2^-32 Joules, 3 fixed counters, 10737418240 ms ovfl timer
Nov 22 20:34:54 nidzik kernel: [    0.230937] RAPL PMU: hw unit of domain pp0-core 2^-0 Joules
Nov 22 20:34:54 nidzik kernel: [    0.231270] RAPL PMU: hw unit of domain package 2^-0 Joules
Nov 22 20:34:54 nidzik kernel: [    0.231618] RAPL PMU: hw unit of domain pp1-gpu 2^-0 Joules
Nov 22 20:34:54 nidzik kernel: [    0.232054] platform rtc_cmos: registered platform RTC device (no PNP device found)
Nov 22 20:34:54 nidzik kernel: [    0.234388] check: Scanning for low memory corruption every 60 seconds
Nov 22 20:34:54 nidzik kernel: [    0.235539] Initialise system trusted keyrings
Nov 22 20:34:54 nidzik kernel: [    0.236115] workingset: timestamp_bits=56 max_order=20 bucket_order=0
Nov 22 20:34:54 nidzik kernel: [    0.239237] NFS: Registering the id_resolver key type
Nov 22 20:34:54 nidzik kernel: [    0.239706] Key type id_resolver registered
Nov 22 20:34:54 nidzik kernel: [    0.240080] Key type id_legacy registered
Nov 22 20:34:54 nidzik kernel: [    0.259050] Key type asymmetric registered
Nov 22 20:34:54 nidzik kernel: [    0.259431] Asymmetric key parser 'x509' registered
Nov 22 20:34:54 nidzik kernel: [    0.259817] Block layer SCSI generic (bsg) driver version 0.4 loaded (major 251)
Nov 22 20:34:54 nidzik kernel: [    0.260322] io scheduler noop registered
Nov 22 20:34:54 nidzik kernel: [    0.260630] io scheduler deadline registered
Nov 22 20:34:54 nidzik kernel: [    0.261024] io scheduler cfq registered (default)
Nov 22 20:34:54 nidzik kernel: [    0.261454] io scheduler mq-deadline registered
Nov 22 20:34:54 nidzik kernel: [    0.261809] io scheduler kyber registered
Nov 22 20:34:54 nidzik kernel: [    0.262987] ACPI: AC Adapter [AC] (on-line)
Nov 22 20:34:54 nidzik kernel: [    0.263459] input: Power Button as /devices/LNXSYSTM:00/LNXPWRBN:00/input/input0
Nov 22 20:34:54 nidzik kernel: [    0.264012] ACPI: Power Button [PWRF]
Nov 22 20:34:54 nidzik kernel: [    0.264687] input: Sleep Button as /devices/LNXSYSTM:00/LNXSLPBN:00/input/input1
Nov 22 20:34:54 nidzik kernel: [    0.265286] ACPI: Sleep Button [SLPF]
Nov 22 20:34:54 nidzik kernel: [    0.265752] ACPI: Video Device [GFX0] (multi-head: yes  rom: no  post: no)
Nov 22 20:34:54 nidzik kernel: [    0.266274] input: Video Bus as /devices/LNXSYSTM:00/LNXSYBUS:00/PNP0A03:00/LNXVIDEO:00/input/input2
Nov 22 20:34:54 nidzik kernel: [    0.267335] Serial: 8250/16550 driver, 4 ports, IRQ sharing enabled
Nov 22 20:34:54 nidzik kernel: [    0.268927] Non-volatile memory driver v1.3
Nov 22 20:34:54 nidzik kernel: [    0.269382] Linux agpgart interface v0.103
Nov 22 20:34:54 nidzik kernel: [    0.273117] loop: module loaded
Nov 22 20:34:54 nidzik kernel: [    0.273559] ahci 0000:00:0d.0: version 3.0
Nov 22 20:34:54 nidzik kernel: [    0.274063] ahci 0000:00:0d.0: SSS flag set, parallel bus scan disabled
Nov 22 20:34:54 nidzik kernel: [    0.274603] ahci 0000:00:0d.0: AHCI 0001.0100 32 slots 2 ports 3 Gbps 0x3 impl SATA mode
Nov 22 20:34:54 nidzik kernel: [    0.275132] ahci 0000:00:0d.0: flags: 64bit ncq stag only ccc 
Nov 22 20:34:54 nidzik kernel: [    0.276555] scsi host0: ahci
Nov 22 20:34:54 nidzik kernel: [    0.277349] scsi host1: ahci
Nov 22 20:34:54 nidzik kernel: [    0.277803] ata1: SATA max UDMA/133 abar m8192@0xf080a000 port 0xf080a100 irq 21
Nov 22 20:34:54 nidzik kernel: [    0.278329] ata2: SATA max UDMA/133 abar m8192@0xf080a000 port 0xf080a180 irq 21
Nov 22 20:34:54 nidzik kernel: [    0.278863] e100: Intel(R) PRO/100 Network Driver, 3.5.24-k2-NAPI
Nov 22 20:34:54 nidzik kernel: [    0.279271] e100: Copyright(c) 1999-2006 Intel Corporation
Nov 22 20:34:54 nidzik kernel: [    0.279626] e1000: Intel(R) PRO/1000 Network Driver - version 7.3.21-k8-NAPI
Nov 22 20:34:54 nidzik kernel: [    0.280044] e1000: Copyright (c) 1999-2006 Intel Corporation.
Nov 22 20:34:54 nidzik kernel: [    0.586361] ata1: SATA link up 3.0 Gbps (SStatus 123 SControl 300)
Nov 22 20:34:54 nidzik kernel: [    0.586915] ata1.00: ATA-6: VBOX HARDDISK, 1.0, max UDMA/133
Nov 22 20:34:54 nidzik kernel: [    0.587404] ata1.00: 41914368 sectors, multi 128: LBA48 NCQ (depth 32)
Nov 22 20:34:54 nidzik kernel: [    0.588007] ata1.00: configured for UDMA/133
Nov 22 20:34:54 nidzik kernel: [    0.588592] scsi 0:0:0:0: Direct-Access     ATA      VBOX HARDDISK    1.0  PQ: 0 ANSI: 5
Nov 22 20:34:54 nidzik kernel: [    0.589695] sd 0:0:0:0: [sda] 41914368 512-byte logical blocks: (21.5 GB/20.0 GiB)
Nov 22 20:34:54 nidzik kernel: [    0.590477] sd 0:0:0:0: [sda] Write Protect is off
Nov 22 20:34:54 nidzik kernel: [    0.590884] sd 0:0:0:0: [sda] Mode Sense: 00 3a 00 00
Nov 22 20:34:54 nidzik kernel: [    0.590930] sd 0:0:0:0: Attached scsi generic sg0 type 0
Nov 22 20:34:54 nidzik kernel: [    0.591533] sd 0:0:0:0: [sda] Write cache: enabled, read cache: enabled, doesn't support DPO or FUA
Nov 22 20:34:54 nidzik kernel: [    0.598900]  sda: sda1 sda2 sda3 sda4
Nov 22 20:34:54 nidzik kernel: [    0.600356] sd 0:0:0:0: [sda] Attached SCSI disk
Nov 22 20:34:54 nidzik kernel: [    0.649316] e1000 0000:00:03.0 eth0: (PCI:33MHz:32-bit) 08:00:27:9d:4d:3c
Nov 22 20:34:54 nidzik kernel: [    0.649823] e1000 0000:00:03.0 eth0: Intel(R) PRO/1000 Network Connection
Nov 22 20:34:54 nidzik kernel: [    0.650299] e1000e: Intel(R) PRO/1000 Network Driver - 3.2.6-k
Nov 22 20:34:54 nidzik kernel: [    0.650776] e1000e: Copyright(c) 1999 - 2015 Intel Corporation.
Nov 22 20:34:54 nidzik kernel: [    0.651170] sky2: driver version 1.30
Nov 22 20:34:54 nidzik kernel: [    0.651965] ehci_hcd: USB 2.0 'Enhanced' Host Controller (EHCI) Driver
Nov 22 20:34:54 nidzik kernel: [    0.652373] ehci-pci: EHCI PCI platform driver
Nov 22 20:34:54 nidzik kernel: [    0.653088] ehci-pci 0000:00:0b.0: EHCI Host Controller
Nov 22 20:34:54 nidzik kernel: [    0.653584] ehci-pci 0000:00:0b.0: new USB bus registered, assigned bus number 1
Nov 22 20:34:54 nidzik kernel: [    0.653985] ehci-pci 0000:00:0b.0: irq 19, io mem 0xf0809000
Nov 22 20:34:54 nidzik kernel: [    0.662309] ehci-pci 0000:00:0b.0: USB 2.0 started, EHCI 1.00
Nov 22 20:34:54 nidzik kernel: [    0.662772] usb usb1: New USB device found, idVendor=1d6b, idProduct=0002, bcdDevice= 4.20
Nov 22 20:34:54 nidzik kernel: [    0.663337] usb usb1: New USB device strings: Mfr=3, Product=2, SerialNumber=1
Nov 22 20:34:54 nidzik kernel: [    0.663805] usb usb1: Product: EHCI Host Controller
Nov 22 20:34:54 nidzik kernel: [    0.664166] usb usb1: Manufacturer: Linux 4.20.0-thor_kernel-00087-gc8ce94b8fe53-dirty ehci_hcd
Nov 22 20:34:54 nidzik kernel: [    0.664819] usb usb1: SerialNumber: 0000:00:0b.0
Nov 22 20:34:54 nidzik kernel: [    0.665584] hub 1-0:1.0: USB hub found
Nov 22 20:34:54 nidzik kernel: [    0.666016] hub 1-0:1.0: 12 ports detected
Nov 22 20:34:54 nidzik kernel: [    0.666663] ohci_hcd: USB 1.1 'Open' Host Controller (OHCI) Driver
Nov 22 20:34:54 nidzik kernel: [    0.667089] ohci-pci: OHCI PCI platform driver
Nov 22 20:34:54 nidzik kernel: [    0.667824] ohci-pci 0000:00:06.0: OHCI PCI host controller
Nov 22 20:34:54 nidzik kernel: [    0.668377] ohci-pci 0000:00:06.0: new USB bus registered, assigned bus number 2
Nov 22 20:34:54 nidzik kernel: [    0.669044] ohci-pci 0000:00:06.0: irq 22, io mem 0xf0808000
Nov 22 20:34:54 nidzik kernel: [    0.721813] usb usb2: New USB device found, idVendor=1d6b, idProduct=0001, bcdDevice= 4.20
Nov 22 20:34:54 nidzik kernel: [    0.722343] usb usb2: New USB device strings: Mfr=3, Product=2, SerialNumber=1
Nov 22 20:34:54 nidzik kernel: [    0.723370] usb usb2: Product: OHCI PCI host controller
Nov 22 20:34:54 nidzik kernel: [    0.723712] usb usb2: Manufacturer: Linux 4.20.0-thor_kernel-00087-gc8ce94b8fe53-dirty ohci_hcd
Nov 22 20:34:54 nidzik kernel: [    0.724304] usb usb2: SerialNumber: 0000:00:06.0
Nov 22 20:34:54 nidzik kernel: [    0.724943] hub 2-0:1.0: USB hub found
Nov 22 20:34:54 nidzik kernel: [    0.725346] hub 2-0:1.0: 12 ports detected
Nov 22 20:34:54 nidzik kernel: [    0.726340] uhci_hcd: USB Universal Host Controller Interface driver
Nov 22 20:34:54 nidzik kernel: [    0.726785] usbcore: registered new interface driver usblp
Nov 22 20:34:54 nidzik kernel: [    0.727188] usbcore: registered new interface driver usb-storage
Nov 22 20:34:54 nidzik kernel: [    0.727686] i8042: PNP: PS/2 Controller [PNP0303:PS2K,PNP0f03:PS2M] at 0x60,0x64 irq 1,12
Nov 22 20:34:54 nidzik kernel: [    0.728733] serio: i8042 KBD port at 0x60,0x64 irq 1
Nov 22 20:34:54 nidzik kernel: [    0.729151] serio: i8042 AUX port at 0x60,0x64 irq 12
Nov 22 20:34:54 nidzik kernel: [    0.730711] input: AT Translated Set 2 keyboard as /devices/platform/i8042/serio0/input/input3
Nov 22 20:34:54 nidzik kernel: [    0.731446] rtc_cmos rtc_cmos: registered as rtc0
Nov 22 20:34:54 nidzik kernel: [    0.731861] rtc_cmos rtc_cmos: alarms up to one day, 114 bytes nvram
Nov 22 20:34:54 nidzik kernel: [    0.732658] device-mapper: ioctl: 4.39.0-ioctl (2018-04-03) initialised: dm-devel@redhat.com
Nov 22 20:34:54 nidzik kernel: [    0.733217] hidraw: raw HID events driver (C) Jiri Kosina
Nov 22 20:34:54 nidzik kernel: [    0.733805] usbcore: registered new interface driver usbhid
Nov 22 20:34:54 nidzik kernel: [    0.734189] usbhid: USB HID core driver
Nov 22 20:34:54 nidzik kernel: [    0.734940] kworker/u8:6 (1052) used greatest stack depth: 14016 bytes left
Nov 22 20:34:54 nidzik kernel: [    0.736724] Initializing XFRM netlink socket
Nov 22 20:34:54 nidzik kernel: [    0.737207] NET: Registered protocol family 10
Nov 22 20:34:54 nidzik kernel: [    0.738041] Segment Routing with IPv6
Nov 22 20:34:54 nidzik kernel: [    0.739017] sit: IPv6, IPv4 and MPLS over IPv4 tunneling driver
Nov 22 20:34:54 nidzik kernel: [    0.739577] NET: Registered protocol family 17
Nov 22 20:34:54 nidzik kernel: [    0.739928] Key type dns_resolver registered
Nov 22 20:34:54 nidzik kernel: [    0.740764] sched_clock: Marking stable (751057748, -10340035)->(855638791, -114921078)
Nov 22 20:34:54 nidzik kernel: [    0.746469] registered taskstats version 1
Nov 22 20:34:54 nidzik kernel: [    0.746975] Loading compiled-in X.509 certificates
Nov 22 20:34:54 nidzik kernel: [    0.747725]   Magic number: 10:729:597
Nov 22 20:34:54 nidzik kernel: [    0.748228] printk: console [netcon0] enabled
Nov 22 20:34:54 nidzik kernel: [    0.748712] netconsole: network logging started
Nov 22 20:34:54 nidzik kernel: [    0.749187] hdaudio hdaudioC0D0: Unable to bind the codec
Nov 22 20:34:54 nidzik kernel: [    0.749342] cfg80211: Loading compiled-in X.509 certificates for regulatory database
Nov 22 20:34:54 nidzik kernel: [    0.751342] cfg80211: Loaded X.509 cert 'sforshee: 00b28ddf47aef9cea7'
Nov 22 20:34:54 nidzik kernel: [    0.751872] platform regulatory.0: Direct firmware load for regulatory.db failed with error -2
Nov 22 20:34:54 nidzik kernel: [    0.752799] cfg80211: failed to load regulatory.db
Nov 22 20:34:54 nidzik kernel: [    0.753199] ALSA device list:
Nov 22 20:34:54 nidzik kernel: [    0.753559]   No soundcards found.
Nov 22 20:34:54 nidzik kernel: [    0.902808] ata2: SATA link up 3.0 Gbps (SStatus 123 SControl 300)
Nov 22 20:34:54 nidzik kernel: [    0.903542] ata2.00: ATAPI: VBOX CD-ROM, 1.0, max UDMA/133
Nov 22 20:34:54 nidzik kernel: [    0.903838] ata2.00: applying bridge limits
Nov 22 20:34:54 nidzik kernel: [    0.904428] ata2.00: configured for UDMA/100
Nov 22 20:34:54 nidzik kernel: [    0.904945] scsi 1:0:0:0: CD-ROM            VBOX     CD-ROM           1.0  PQ: 0 ANSI: 5
Nov 22 20:34:54 nidzik kernel: [    0.936582] sr 1:0:0:0: [sr0] scsi-1 drive
Nov 22 20:34:54 nidzik kernel: [    0.936844] cdrom: Uniform CD-ROM driver Revision: 3.20
Nov 22 20:34:54 nidzik kernel: [    0.937543] sr 1:0:0:0: Attached scsi CD-ROM sr0
Nov 22 20:34:54 nidzik kernel: [    0.937744] sr 1:0:0:0: Attached scsi generic sg1 type 5
Nov 22 20:34:54 nidzik kernel: [    0.962899] random: fast init done
Nov 22 20:34:54 nidzik kernel: [    0.963684] input: ImExPS/2 Generic Explorer Mouse as /devices/platform/i8042/serio1/input/input5
Nov 22 20:34:54 nidzik kernel: [    0.964662] md: Waiting for all devices to be available before autodetect
Nov 22 20:34:54 nidzik kernel: [    0.965136] md: If you don't use raid, use raid=noautodetect
Nov 22 20:34:54 nidzik kernel: [    0.965806] md: Autodetecting RAID arrays.
Nov 22 20:34:54 nidzik kernel: [    0.966140] md: autorun ...
Nov 22 20:34:54 nidzik kernel: [    0.966436] md: ... autorun DONE.
Nov 22 20:34:54 nidzik kernel: [    0.985627] EXT4-fs (sda1): mounted filesystem with ordered data mode. Opts: (null)
Nov 22 20:34:54 nidzik kernel: [    0.986225] VFS: Mounted root (ext4 filesystem) readonly on device 8:1.
Nov 22 20:34:54 nidzik kernel: [    0.993950] devtmpfs: mounted
Nov 22 20:34:54 nidzik kernel: [    0.994784] Freeing unused kernel image memory: 1244K
Nov 22 20:34:54 nidzik kernel: [    0.999438] Write protecting the kernel read-only data: 18432k
Nov 22 20:34:54 nidzik kernel: [    1.000541] Freeing unused kernel image memory: 2008K
Nov 22 20:34:54 nidzik kernel: [    1.001205] Freeing unused kernel image memory: 988K
Nov 22 20:34:54 nidzik kernel: [    1.001818] Run /sbin/init as init process
Nov 22 20:34:54 nidzik kernel: [    1.110350] usb 2-1: new full-speed USB device number 2 using ohci-pci
Nov 22 20:34:54 nidzik kernel: [    1.237812] tsc: Refined TSC clocksource calibration: 2893.407 MHz
Nov 22 20:34:54 nidzik kernel: [    1.238247] clocksource: tsc: mask: 0xffffffffffffffff max_cycles: 0x29b4eef41a6, max_idle_ns: 440795231367 ns
Nov 22 20:34:54 nidzik kernel: [    1.239200] clocksource: Switched to clocksource tsc
Nov 22 20:34:54 nidzik kernel: [    1.339399] usb 2-1: New USB device found, idVendor=80ee, idProduct=0021, bcdDevice= 1.00
Nov 22 20:34:54 nidzik kernel: [    1.339807] usb 2-1: New USB device strings: Mfr=1, Product=3, SerialNumber=0
Nov 22 20:34:54 nidzik kernel: [    1.340273] usb 2-1: Product: USB Tablet
Nov 22 20:34:54 nidzik kernel: [    1.340584] usb 2-1: Manufacturer: VirtualBox
Nov 22 20:34:54 nidzik kernel: [    1.352306] input: VirtualBox USB Tablet as /devices/pci0000:00/0000:00:06.0/usb2/2-1/2-1:1.0/0003:80EE:0021.0001/input/input6
Nov 22 20:34:54 nidzik kernel: [    1.353710] hid-generic 0003:80EE:0021.0001: input,hidraw0: USB HID v1.10 Mouse [VirtualBox USB Tablet] on usb-0000:00:06.0-1/input0
Nov 22 20:34:54 nidzik kernel: [    1.386291] stty (1123) used greatest stack depth: 13840 bytes left
Nov 22 20:34:54 nidzik kernel: [    1.491952] dmesg (1124) used greatest stack depth: 13768 bytes left
Nov 22 20:34:54 nidzik kernel: [    1.728664] hostname (1143) used greatest stack depth: 13704 bytes left
Nov 22 20:34:54 nidzik kernel: [    1.854554] ip (1182) used greatest stack depth: 13640 bytes left
Nov 22 20:34:54 nidzik kernel: [    1.855599] ip (1183) used greatest stack depth: 12168 bytes left
Nov 22 20:34:54 nidzik kernel: <30>[    1.984426] udevd[1213]: starting version 3.2.2
Nov 22 20:34:54 nidzik kernel: [    2.028834] random: udevd: uninitialized urandom read (16 bytes read)
Nov 22 20:34:54 nidzik kernel: [    2.031642] random: udevd: uninitialized urandom read (16 bytes read)
Nov 22 20:34:54 nidzik kernel: [    2.034298] random: udevd: uninitialized urandom read (16 bytes read)
Nov 22 20:34:54 nidzik kernel: <30>[    2.135266] udevd[1214]: starting eudev-3.2.2
Nov 22 20:34:54 nidzik kernel: [    2.251002] e1000 0000:00:03.0 enp0s3: renamed from eth0
Nov 22 20:34:54 nidzik kernel: [    2.318735] Adding 1048572k swap on /dev/sda3.  Priority:1 extents:1 across:1048572k 
Nov 22 20:34:54 nidzik kernel: [    2.344048] random: crng init done
Nov 22 20:34:54 nidzik kernel: [    2.344749] random: 3 urandom warning(s) missed due to ratelimiting
Nov 22 20:34:54 nidzik kernel: [    2.350920] EXT4-fs (sda1): re-mounted. Opts: (null)
Nov 22 20:34:54 nidzik kernel: [    2.651585] EXT4-fs (sda1): re-mounted. Opts: (null)
Nov 22 20:34:54 nidzik kernel: [    2.679755] EXT4-fs (sda4): mounting ext2 file system using the ext4 subsystem
Nov 22 20:34:54 nidzik kernel: [    2.712860] EXT4-fs (sda4): mounted filesystem without journal. Opts: (null)
Nov 22 20:34:54 nidzik kernel: [    2.762849] EXT4-fs (sda2): mounted filesystem with ordered data mode. Opts: (null)
Nov 22 20:34:54 nidzik kernel: [    3.449205] IPv6: ADDRCONF(NETDEV_UP): enp0s3: link is not ready
Nov 22 20:34:54 nidzik kernel: [    3.451217] e1000: enp0s3 NIC Link is Up 1000 Mbps Full Duplex, Flow Control: RX
Nov 22 20:34:54 nidzik kernel: [    3.452081] IPv6: ADDRCONF(NETDEV_CHANGE): enp0s3: link becomes ready
