Mar 26 13:18:26 nidzik kernel: [   88.121282] hrtimer: interrupt took 5600664 ns
Mar 26 14:51:04 nidzik kernel: [ 5646.651435] ip (13190) used greatest stack depth: 12152 bytes left
Mar 26 14:51:04 nidzik kernel: Kernel logging (proc) stopped.
Mar 26 14:51:04 nidzik kernel: Kernel log daemon terminating.
Mar 26 14:51:32 nidzik kernel: klogd 1.5.1, log source = /proc/kmsg started.
Mar 26 14:51:32 nidzik kernel: Cannot find map file.
Mar 26 14:51:32 nidzik kernel: Loaded 50531 symbols from 1 module.
Mar 26 14:51:32 nidzik kernel: [    0.000000] Linux version 5.1.0-rc2-next-20190326 (nico@nidzik) (gcc version 8.3.0 (GCC)) #2 SMP Tue Mar 26 14:20:02 CET 2019
Mar 26 14:51:32 nidzik kernel: [    0.000000] Command line: BOOT_IMAGE=/vmlinuz-5.1.0-rc2-next root=/dev/sda1 ro
Mar 26 14:51:32 nidzik kernel: [    0.000000] x86/fpu: Supporting XSAVE feature 0x001: 'x87 floating point registers'
Mar 26 14:51:32 nidzik kernel: [    0.000000] x86/fpu: Supporting XSAVE feature 0x002: 'SSE registers'
Mar 26 14:51:32 nidzik kernel: [    0.000000] x86/fpu: Supporting XSAVE feature 0x004: 'AVX registers'
Mar 26 14:51:32 nidzik kernel: [    0.000000] x86/fpu: xstate_offset[2]:  576, xstate_sizes[2]:  256
Mar 26 14:51:32 nidzik kernel: [    0.000000] x86/fpu: Enabled xstate features 0x7, context size is 832 bytes, using 'standard' format.
Mar 26 14:51:32 nidzik kernel: [    0.000000] BIOS-provided physical RAM map:
Mar 26 14:51:32 nidzik kernel: [    0.000000] BIOS-e820: [mem 0x0000000000000000-0x000000000009fbff] usable
Mar 26 14:51:32 nidzik kernel: [    0.000000] BIOS-e820: [mem 0x000000000009fc00-0x000000000009ffff] reserved
Mar 26 14:51:32 nidzik kernel: [    0.000000] BIOS-e820: [mem 0x00000000000f0000-0x00000000000fffff] reserved
Mar 26 14:51:32 nidzik kernel: [    0.000000] BIOS-e820: [mem 0x0000000000100000-0x00000000dffeffff] usable
Mar 26 14:51:32 nidzik kernel: [    0.000000] BIOS-e820: [mem 0x00000000dfff0000-0x00000000dfffffff] ACPI data
Mar 26 14:51:32 nidzik kernel: [    0.000000] BIOS-e820: [mem 0x00000000fec00000-0x00000000fec00fff] reserved
Mar 26 14:51:32 nidzik kernel: [    0.000000] BIOS-e820: [mem 0x00000000fee00000-0x00000000fee00fff] reserved
Mar 26 14:51:32 nidzik kernel: [    0.000000] BIOS-e820: [mem 0x00000000fffc0000-0x00000000ffffffff] reserved
Mar 26 14:51:32 nidzik kernel: [    0.000000] BIOS-e820: [mem 0x0000000100000000-0x000000011fffffff] usable
Mar 26 14:51:32 nidzik kernel: [    0.000000] NX (Execute Disable) protection: active
Mar 26 14:51:32 nidzik kernel: [    0.000000] SMBIOS 2.5 present.
Mar 26 14:51:32 nidzik kernel: [    0.000000] DMI: innotek GmbH VirtualBox/VirtualBox, BIOS VirtualBox 12/01/2006
Mar 26 14:51:32 nidzik kernel: [    0.000000] tsc: Fast TSC calibration using PIT
Mar 26 14:51:32 nidzik kernel: [    0.000000] tsc: Detected 2893.176 MHz processor
Mar 26 14:51:32 nidzik kernel: [    0.001398] e820: update [mem 0x00000000-0x00000fff] usable ==> reserved
Mar 26 14:51:32 nidzik kernel: [    0.001401] e820: remove [mem 0x000a0000-0x000fffff] usable
Mar 26 14:51:32 nidzik kernel: [    0.001405] last_pfn = 0x120000 max_arch_pfn = 0x400000000
Mar 26 14:51:32 nidzik kernel: [    0.001414] MTRR default type: uncachable
Mar 26 14:51:32 nidzik kernel: [    0.001415] MTRR variable ranges disabled:
Mar 26 14:51:32 nidzik kernel: [    0.001417] Disabled
Mar 26 14:51:32 nidzik kernel: [    0.001419] x86/PAT: MTRRs disabled, skipping PAT initialization too.
Mar 26 14:51:32 nidzik kernel: [    0.001422] CPU MTRRs all blank - virtualized system.
Mar 26 14:51:32 nidzik kernel: [    0.001425] x86/PAT: Configuration [0-7]: WB  WT  UC- UC  WB  WT  UC- UC  
Mar 26 14:51:32 nidzik kernel: [    0.001428] last_pfn = 0xdfff0 max_arch_pfn = 0x400000000
Mar 26 14:51:32 nidzik kernel: [    0.001484] found SMP MP-table at [mem 0x0009fff0-0x0009ffff]
Mar 26 14:51:32 nidzik kernel: [    0.001498] check: Scanning 1 areas for low memory corruption
Mar 26 14:51:32 nidzik kernel: [    0.001502] Base memory trampoline at [(____ptrval____)] 99000 size 24576
Mar 26 14:51:32 nidzik kernel: [    0.001525] BRK [0x2ea01000, 0x2ea01fff] PGTABLE
Mar 26 14:51:32 nidzik kernel: [    0.001528] BRK [0x2ea02000, 0x2ea02fff] PGTABLE
Mar 26 14:51:32 nidzik kernel: [    0.001530] BRK [0x2ea03000, 0x2ea03fff] PGTABLE
Mar 26 14:51:32 nidzik kernel: [    0.001549] BRK [0x2ea04000, 0x2ea04fff] PGTABLE
Mar 26 14:51:32 nidzik kernel: [    0.001552] BRK [0x2ea05000, 0x2ea05fff] PGTABLE
Mar 26 14:51:32 nidzik kernel: [    0.001887] ACPI: Early table checksum verification disabled
Mar 26 14:51:32 nidzik kernel: [    0.001893] ACPI: RSDP 0x00000000000E0000 000024 (v02 VBOX  )
Mar 26 14:51:32 nidzik kernel: [    0.001897] ACPI: XSDT 0x00000000DFFF0030 00003C (v01 VBOX   VBOXXSDT 00000001 ASL  00000061)
Mar 26 14:51:32 nidzik kernel: [    0.001904] ACPI: FACP 0x00000000DFFF00F0 0000F4 (v04 VBOX   VBOXFACP 00000001 ASL  00000061)
Mar 26 14:51:32 nidzik kernel: [    0.001910] ACPI: DSDT 0x00000000DFFF0480 0021FF (v02 VBOX   VBOXBIOS 00000002 INTL 20100528)
Mar 26 14:51:32 nidzik kernel: [    0.001914] ACPI: FACS 0x00000000DFFF0200 000040
Mar 26 14:51:32 nidzik kernel: [    0.001918] ACPI: FACS 0x00000000DFFF0200 000040
Mar 26 14:51:32 nidzik kernel: [    0.001922] ACPI: APIC 0x00000000DFFF0240 00006C (v02 VBOX   VBOXAPIC 00000001 ASL  00000061)
Mar 26 14:51:32 nidzik kernel: [    0.001927] ACPI: SSDT 0x00000000DFFF02B0 0001CC (v01 VBOX   VBOXCPUT 00000002 INTL 20100528)
Mar 26 14:51:32 nidzik kernel: [    0.001936] ACPI: Local APIC address 0xfee00000
Mar 26 14:51:32 nidzik kernel: [    0.002112] No NUMA configuration found
Mar 26 14:51:32 nidzik kernel: [    0.002114] Faking a node at [mem 0x0000000000000000-0x000000011fffffff]
Mar 26 14:51:32 nidzik kernel: [    0.002118] NODE_DATA(0) allocated [mem 0x11fff8000-0x11fffbfff]
Mar 26 14:51:32 nidzik kernel: [    0.002343] Zone ranges:
Mar 26 14:51:32 nidzik kernel: [    0.002346]   DMA      [mem 0x0000000000001000-0x0000000000ffffff]
Mar 26 14:51:32 nidzik kernel: [    0.002348]   DMA32    [mem 0x0000000001000000-0x00000000ffffffff]
Mar 26 14:51:32 nidzik kernel: [    0.002350]   Normal   [mem 0x0000000100000000-0x000000011fffffff]
Mar 26 14:51:32 nidzik kernel: [    0.002352] Movable zone start for each node
Mar 26 14:51:32 nidzik kernel: [    0.002354] Early memory node ranges
Mar 26 14:51:32 nidzik kernel: [    0.002355]   node   0: [mem 0x0000000000001000-0x000000000009efff]
Mar 26 14:51:32 nidzik kernel: [    0.002357]   node   0: [mem 0x0000000000100000-0x00000000dffeffff]
Mar 26 14:51:32 nidzik kernel: [    0.002359]   node   0: [mem 0x0000000100000000-0x000000011fffffff]
Mar 26 14:51:32 nidzik kernel: [    0.002824] Zeroed struct page in unavailable ranges: 114 pages
Mar 26 14:51:32 nidzik kernel: [    0.002827] Initmem setup node 0 [mem 0x0000000000001000-0x000000011fffffff]
Mar 26 14:51:32 nidzik kernel: [    0.002829] On node 0 totalpages: 1048462
Mar 26 14:51:32 nidzik kernel: [    0.002831]   DMA zone: 64 pages used for memmap
Mar 26 14:51:32 nidzik kernel: [    0.002833]   DMA zone: 21 pages reserved
Mar 26 14:51:32 nidzik kernel: [    0.002835]   DMA zone: 3998 pages, LIFO batch:0
Mar 26 14:51:32 nidzik kernel: [    0.002873]   DMA32 zone: 14272 pages used for memmap
Mar 26 14:51:32 nidzik kernel: [    0.002874]   DMA32 zone: 913392 pages, LIFO batch:63
Mar 26 14:51:32 nidzik kernel: [    0.016192]   Normal zone: 2048 pages used for memmap
Mar 26 14:51:32 nidzik kernel: [    0.016194]   Normal zone: 131072 pages, LIFO batch:31
Mar 26 14:51:32 nidzik kernel: [    0.018478] ACPI: PM-Timer IO Port: 0x4008
Mar 26 14:51:32 nidzik kernel: [    0.018483] ACPI: Local APIC address 0xfee00000
Mar 26 14:51:32 nidzik kernel: [    0.018532] IOAPIC[0]: apic_id 4, version 32, address 0xfec00000, GSI 0-23
Mar 26 14:51:32 nidzik kernel: [    0.018536] ACPI: INT_SRC_OVR (bus 0 bus_irq 0 global_irq 2 dfl dfl)
Mar 26 14:51:32 nidzik kernel: [    0.018539] ACPI: INT_SRC_OVR (bus 0 bus_irq 9 global_irq 9 low level)
Mar 26 14:51:32 nidzik kernel: [    0.018542] ACPI: IRQ0 used by override.
Mar 26 14:51:32 nidzik kernel: [    0.018544] ACPI: IRQ9 used by override.
Mar 26 14:51:32 nidzik kernel: [    0.018547] Using ACPI (MADT) for SMP configuration information
Mar 26 14:51:32 nidzik kernel: [    0.018554] smpboot: Allowing 4 CPUs, 0 hotplug CPUs
Mar 26 14:51:32 nidzik kernel: [    0.018564] PM: Registered nosave memory: [mem 0x00000000-0x00000fff]
Mar 26 14:51:32 nidzik kernel: [    0.018567] PM: Registered nosave memory: [mem 0x0009f000-0x0009ffff]
Mar 26 14:51:32 nidzik kernel: [    0.018568] PM: Registered nosave memory: [mem 0x000a0000-0x000effff]
Mar 26 14:51:32 nidzik kernel: [    0.018570] PM: Registered nosave memory: [mem 0x000f0000-0x000fffff]
Mar 26 14:51:32 nidzik kernel: [    0.018572] PM: Registered nosave memory: [mem 0xdfff0000-0xdfffffff]
Mar 26 14:51:32 nidzik kernel: [    0.018574] PM: Registered nosave memory: [mem 0xe0000000-0xfebfffff]
Mar 26 14:51:32 nidzik kernel: [    0.018575] PM: Registered nosave memory: [mem 0xfec00000-0xfec00fff]
Mar 26 14:51:32 nidzik kernel: [    0.018577] PM: Registered nosave memory: [mem 0xfec01000-0xfedfffff]
Mar 26 14:51:32 nidzik kernel: [    0.018578] PM: Registered nosave memory: [mem 0xfee00000-0xfee00fff]
Mar 26 14:51:32 nidzik kernel: [    0.018580] PM: Registered nosave memory: [mem 0xfee01000-0xfffbffff]
Mar 26 14:51:32 nidzik kernel: [    0.018581] PM: Registered nosave memory: [mem 0xfffc0000-0xffffffff]
Mar 26 14:51:32 nidzik kernel: [    0.018584] [mem 0xe0000000-0xfebfffff] available for PCI devices
Mar 26 14:51:32 nidzik kernel: [    0.018587] clocksource: refined-jiffies: mask: 0xffffffff max_cycles: 0xffffffff, max_idle_ns: 1910969940391419 ns
Mar 26 14:51:32 nidzik kernel: [    0.117287] random: get_random_bytes called from start_kernel+0x8c/0x487 with crng_init=0
Mar 26 14:51:32 nidzik kernel: [    0.117297] setup_percpu: NR_CPUS:64 nr_cpumask_bits:64 nr_cpu_ids:4 nr_node_ids:1
Mar 26 14:51:32 nidzik kernel: [    0.117658] percpu: Embedded 43 pages/cpu s138136 r8192 d29800 u524288
Mar 26 14:51:32 nidzik kernel: [    0.117663] pcpu-alloc: s138136 r8192 d29800 u524288 alloc=1*2097152
Mar 26 14:51:32 nidzik kernel: [    0.117665] pcpu-alloc: [0] 0 1 2 3 
Mar 26 14:51:32 nidzik kernel: [    0.117679] Built 1 zonelists, mobility grouping on.  Total pages: 1032057
Mar 26 14:51:32 nidzik kernel: [    0.117681] Policy zone: Normal
Mar 26 14:51:32 nidzik kernel: [    0.117684] Kernel command line: BOOT_IMAGE=/vmlinuz-5.1.0-rc2-next root=/dev/sda1 ro
Mar 26 14:51:32 nidzik kernel: [    0.126459] Calgary: detecting Calgary via BIOS EBDA area
Mar 26 14:51:32 nidzik kernel: [    0.126465] Calgary: Unable to locate Rio Grande table in EBDA - bailing!
Mar 26 14:51:32 nidzik kernel: [    0.135692] Memory: 4032760K/4193848K available (14340K kernel code, 1312K rwdata, 3132K rodata, 1264K init, 1376K bss, 161088K reserved, 0K cma-reserved)
Mar 26 14:51:32 nidzik kernel: [    0.135995] SLUB: HWalign=64, Order=0-3, MinObjects=0, CPUs=4, Nodes=1
Mar 26 14:51:32 nidzik kernel: [    0.136000] Kernel/User page tables isolation: enabled
Mar 26 14:51:32 nidzik kernel: [    0.136294] rcu: Hierarchical RCU implementation.
Mar 26 14:51:32 nidzik kernel: [    0.136296] rcu: ^IRCU event tracing is enabled.
Mar 26 14:51:32 nidzik kernel: [    0.136298] rcu: ^IRCU restricting CPUs from NR_CPUS=64 to nr_cpu_ids=4.
Mar 26 14:51:32 nidzik kernel: [    0.136300] rcu: RCU calculated value of scheduler-enlistment delay is 100 jiffies.
Mar 26 14:51:32 nidzik kernel: [    0.136302] rcu: Adjusting geometry for rcu_fanout_leaf=16, nr_cpu_ids=4
Mar 26 14:51:32 nidzik kernel: [    0.136448] NR_IRQS: 4352, nr_irqs: 456, preallocated irqs: 16
Mar 26 14:51:32 nidzik kernel: [    0.143963] Console: colour VGA+ 80x25
Mar 26 14:51:32 nidzik kernel: [    0.176587] printk: console [tty0] enabled
Mar 26 14:51:32 nidzik kernel: [    0.176915] ACPI: Core revision 20190215
Mar 26 14:51:32 nidzik kernel: [    0.177337] APIC: Switch to symmetric I/O mode setup
Mar 26 14:51:32 nidzik kernel: [    0.178461] ..TIMER: vector=0x30 apic1=0 pin1=2 apic2=-1 pin2=-1
Mar 26 14:51:32 nidzik kernel: [    0.183303] clocksource: tsc-early: mask: 0xffffffffffffffff max_cycles: 0x29b414b094d, max_idle_ns: 440795220593 ns
Mar 26 14:51:32 nidzik kernel: [    0.183854] Calibrating delay loop (skipped), value calculated using timer frequency.. 5786.35 BogoMIPS (lpj=2893176)
Mar 26 14:51:32 nidzik kernel: [    0.184844] pid_max: default: 32768 minimum: 301
Mar 26 14:51:32 nidzik kernel: [    0.185185] LSM: Security Framework initializing
Mar 26 14:51:32 nidzik kernel: [    0.185500] SELinux:  Initializing.
Mar 26 14:51:32 nidzik kernel: [    0.185849] *** VALIDATE SELinux ***
Mar 26 14:51:32 nidzik kernel: [    0.186824] Dentry cache hash table entries: 524288 (order: 10, 4194304 bytes)
Mar 26 14:51:32 nidzik kernel: [    0.187922] Inode-cache hash table entries: 262144 (order: 9, 2097152 bytes)
Mar 26 14:51:32 nidzik kernel: [    0.188347] Mount-cache hash table entries: 8192 (order: 4, 65536 bytes)
Mar 26 14:51:32 nidzik kernel: [    0.188855] Mountpoint-cache hash table entries: 8192 (order: 4, 65536 bytes)
Mar 26 14:51:32 nidzik kernel: [    0.189522] *** VALIDATE proc ***
Mar 26 14:51:32 nidzik kernel: [    0.189871] *** VALIDATE cgroup1 ***
Mar 26 14:51:32 nidzik kernel: [    0.190197] *** VALIDATE cgroup2 ***
Mar 26 14:51:32 nidzik kernel: [    0.190649] mce: CPU supports 0 MCE banks
Mar 26 14:51:32 nidzik kernel: [    0.190863] Last level iTLB entries: 4KB 512, 2MB 8, 4MB 8
Mar 26 14:51:32 nidzik kernel: [    0.191228] Last level dTLB entries: 4KB 512, 2MB 32, 4MB 32, 1GB 0
Mar 26 14:51:32 nidzik kernel: [    0.191608] Spectre V2 : Mitigation: Full generic retpoline
Mar 26 14:51:32 nidzik kernel: [    0.191844] Spectre V2 : Spectre v2 / SpectreRSB mitigation: Filling RSB on context switch
Mar 26 14:51:32 nidzik kernel: [    0.192844] Speculative Store Bypass: Vulnerable
Mar 26 14:51:32 nidzik kernel: [    0.193312] Freeing SMP alternatives memory: 40K
Mar 26 14:51:32 nidzik kernel: [    0.194838] smpboot: CPU0: Intel(R) Core(TM) i5-3470S CPU @ 2.90GHz (family: 0x6, model: 0x3a, stepping: 0x9)
Mar 26 14:51:32 nidzik kernel: [    0.194968] Performance Events: unsupported p6 CPU model 58 no PMU driver, software events only.
Mar 26 14:51:32 nidzik kernel: [    0.195485] rcu: Hierarchical SRCU implementation.
Mar 26 14:51:32 nidzik kernel: [    0.195966] smp: Bringing up secondary CPUs ...
Mar 26 14:51:32 nidzik kernel: [    0.196403] x86: Booting SMP configuration:
Mar 26 14:51:32 nidzik kernel: [    0.196696] .... node  #0, CPUs:      #1
Mar 26 14:51:32 nidzik kernel: [    0.041243] mce: CPU supports 0 MCE banks
Mar 26 14:51:32 nidzik kernel: [    0.197985]  #2
Mar 26 14:51:32 nidzik kernel: [    0.041243] mce: CPU supports 0 MCE banks
Mar 26 14:51:32 nidzik kernel: [    0.199970]  #3
Mar 26 14:51:32 nidzik kernel: [    0.041243] mce: CPU supports 0 MCE banks
Mar 26 14:51:32 nidzik kernel: [    0.200862] smp: Brought up 1 node, 4 CPUs
Mar 26 14:51:32 nidzik kernel: [    0.203847] smpboot: Max logical packages: 1
Mar 26 14:51:32 nidzik kernel: [    0.204157] smpboot: Total of 4 processors activated (23145.40 BogoMIPS)
Mar 26 14:51:32 nidzik kernel: [    0.205137] devtmpfs: initialized
Mar 26 14:51:32 nidzik kernel: [    0.206092] clocksource: jiffies: mask: 0xffffffff max_cycles: 0xffffffff, max_idle_ns: 1911260446275000 ns
Mar 26 14:51:32 nidzik kernel: [    0.206024] kworker/u8:0 (31) used greatest stack depth: 14216 bytes left
Mar 26 14:51:32 nidzik kernel: [    0.206851] futex hash table entries: 1024 (order: 4, 65536 bytes)
Mar 26 14:51:32 nidzik kernel: [    0.207073] PM: RTC time: 13:51:28, date: 2019-03-26
Mar 26 14:51:32 nidzik kernel: [    0.208134] NET: Registered protocol family 16
Mar 26 14:51:32 nidzik kernel: [    0.208878] audit: initializing netlink subsys (disabled)
Mar 26 14:51:32 nidzik kernel: [    0.209222] audit: type=2000 audit(1553608288.032:1): state=initialized audit_enabled=0 res=1
Mar 26 14:51:32 nidzik kernel: [    0.209922] cpuidle: using governor menu
Mar 26 14:51:32 nidzik kernel: [    0.210186] ACPI: bus type PCI registered
Mar 26 14:51:32 nidzik kernel: [    0.210993] PCI: Using configuration type 1 for base access
Mar 26 14:51:32 nidzik kernel: [    0.217250] HugeTLB registered 2.00 MiB page size, pre-allocated 0 pages
Mar 26 14:51:32 nidzik kernel: [    0.217997] ACPI: Added _OSI(Module Device)
Mar 26 14:51:32 nidzik kernel: [    0.218338] ACPI: Added _OSI(Processor Device)
Mar 26 14:51:32 nidzik kernel: [    0.218864] ACPI: Added _OSI(3.0 _SCP Extensions)
Mar 26 14:51:32 nidzik kernel: [    0.219151] ACPI: Added _OSI(Processor Aggregator Device)
Mar 26 14:51:32 nidzik kernel: [    0.219243] ACPI: Added _OSI(Linux-Dell-Video)
Mar 26 14:51:32 nidzik kernel: [    0.219844] ACPI: Added _OSI(Linux-Lenovo-NV-HDMI-Audio)
Mar 26 14:51:32 nidzik kernel: [    0.220143] ACPI: Added _OSI(Linux-HPI-Hybrid-Graphics)
Mar 26 14:51:32 nidzik kernel: [    0.221698] ACPI: 2 ACPI AML tables successfully acquired and loaded
Mar 26 14:51:32 nidzik kernel: [    0.223705] ACPI: Interpreter enabled
Mar 26 14:51:32 nidzik kernel: [    0.223854] ACPI: (supports S0 S5)
Mar 26 14:51:32 nidzik kernel: [    0.224161] ACPI: Using IOAPIC for interrupt routing
Mar 26 14:51:32 nidzik kernel: [    0.225013] PCI: Using host bridge windows from ACPI; if necessary, use "pci=nocrs" and report a bug
Mar 26 14:51:32 nidzik kernel: [    0.225602] ACPI: Enabled 2 GPEs in block 00 to 07
Mar 26 14:51:32 nidzik kernel: [    0.230694] ACPI: PCI Root Bridge [PCI0] (domain 0000 [bus 00-ff])
Mar 26 14:51:32 nidzik kernel: [    0.230879] acpi PNP0A03:00: _OSC: OS supports [ASPM ClockPM Segments MSI]
Mar 26 14:51:32 nidzik kernel: [    0.231241] acpi PNP0A03:00: _OSC: not requesting OS control; OS requires [ExtendedConfig ASPM ClockPM MSI]
Mar 26 14:51:32 nidzik kernel: [    0.231851] acpi PNP0A03:00: fail to add MMCONFIG information, can't access extended PCI configuration space under this bridge.
Mar 26 14:51:32 nidzik kernel: [    0.232500] PCI host bridge to bus 0000:00
Mar 26 14:51:32 nidzik kernel: [    0.233174] pci_bus 0000:00: root bus resource [io  0x0000-0x0cf7 window]
Mar 26 14:51:32 nidzik kernel: [    0.233512] pci_bus 0000:00: root bus resource [io  0x0d00-0xffff window]
Mar 26 14:51:32 nidzik kernel: [    0.233844] pci_bus 0000:00: root bus resource [mem 0x000a0000-0x000bffff window]
Mar 26 14:51:32 nidzik kernel: [    0.234269] pci_bus 0000:00: root bus resource [mem 0xe0000000-0xfdffffff window]
Mar 26 14:51:32 nidzik kernel: [    0.234844] pci_bus 0000:00: root bus resource [bus 00-ff]
Mar 26 14:51:32 nidzik kernel: [    0.235874] pci 0000:00:00.0: [8086:1237] type 00 class 0x060000
Mar 26 14:51:32 nidzik kernel: [    0.236453] pci 0000:00:01.0: [8086:7000] type 00 class 0x060100
Mar 26 14:51:32 nidzik kernel: [    0.237261] pci 0000:00:01.1: [8086:7111] type 00 class 0x01018a
Mar 26 14:51:32 nidzik kernel: [    0.237774] pci 0000:00:01.1: reg 0x20: [io  0xd000-0xd00f]
Mar 26 14:51:32 nidzik kernel: [    0.237942] pci 0000:00:01.1: legacy IDE quirk: reg 0x10: [io  0x01f0-0x01f7]
Mar 26 14:51:32 nidzik kernel: [    0.238290] pci 0000:00:01.1: legacy IDE quirk: reg 0x14: [io  0x03f6]
Mar 26 14:51:32 nidzik kernel: [    0.238666] pci 0000:00:01.1: legacy IDE quirk: reg 0x18: [io  0x0170-0x0177]
Mar 26 14:51:32 nidzik kernel: [    0.238853] pci 0000:00:01.1: legacy IDE quirk: reg 0x1c: [io  0x0376]
Mar 26 14:51:32 nidzik kernel: [    0.239459] pci 0000:00:02.0: [80ee:beef] type 00 class 0x030000
Mar 26 14:51:32 nidzik kernel: [    0.242856] pci 0000:00:02.0: reg 0x10: [mem 0xe0000000-0xe0ffffff pref]
Mar 26 14:51:32 nidzik kernel: [    0.257904] pci 0000:00:03.0: [8086:100e] type 00 class 0x020000
Mar 26 14:51:32 nidzik kernel: [    0.260030] pci 0000:00:03.0: reg 0x10: [mem 0xf0000000-0xf001ffff]
Mar 26 14:51:32 nidzik kernel: [    0.264977] pci 0000:00:03.0: reg 0x18: [io  0xd010-0xd017]
Mar 26 14:51:32 nidzik kernel: [    0.273558] pci 0000:00:04.0: [80ee:cafe] type 00 class 0x088000
Mar 26 14:51:32 nidzik kernel: [    0.275867] pci 0000:00:04.0: reg 0x10: [io  0xd020-0xd03f]
Mar 26 14:51:32 nidzik kernel: [    0.277870] pci 0000:00:04.0: reg 0x14: [mem 0xf0400000-0xf07fffff]
Mar 26 14:51:32 nidzik kernel: [    0.279943] pci 0000:00:04.0: reg 0x18: [mem 0xf0800000-0xf0803fff pref]
Mar 26 14:51:32 nidzik kernel: [    0.289124] pci 0000:00:05.0: [8086:2415] type 00 class 0x040100
Mar 26 14:51:32 nidzik kernel: [    0.289281] pci 0000:00:05.0: reg 0x10: [io  0xd100-0xd1ff]
Mar 26 14:51:32 nidzik kernel: [    0.289358] pci 0000:00:05.0: reg 0x14: [io  0xd200-0xd23f]
Mar 26 14:51:32 nidzik kernel: [    0.290103] pci 0000:00:06.0: [106b:003f] type 00 class 0x0c0310
Mar 26 14:51:32 nidzik kernel: [    0.291966] pci 0000:00:06.0: reg 0x10: [mem 0xf0804000-0xf0804fff]
Mar 26 14:51:32 nidzik kernel: [    0.305298] pci 0000:00:07.0: [8086:7113] type 00 class 0x068000
Mar 26 14:51:32 nidzik kernel: [    0.305687] pci 0000:00:07.0: quirk: [io  0x4000-0x403f] claimed by PIIX4 ACPI
Mar 26 14:51:32 nidzik kernel: [    0.305856] pci 0000:00:07.0: quirk: [io  0x4100-0x410f] claimed by PIIX4 SMB
Mar 26 14:51:32 nidzik kernel: [    0.306951] pci 0000:00:0b.0: [8086:265c] type 00 class 0x0c0320
Mar 26 14:51:32 nidzik kernel: [    0.308948] pci 0000:00:0b.0: reg 0x10: [mem 0xf0805000-0xf0805fff]
Mar 26 14:51:32 nidzik kernel: [    0.321442] pci 0000:00:0d.0: [8086:2829] type 00 class 0x010601
Mar 26 14:51:32 nidzik kernel: [    0.322989] pci 0000:00:0d.0: reg 0x10: [io  0xd240-0xd247]
Mar 26 14:51:32 nidzik kernel: [    0.325872] pci 0000:00:0d.0: reg 0x14: [io  0xd248-0xd24b]
Mar 26 14:51:32 nidzik kernel: [    0.327994] pci 0000:00:0d.0: reg 0x18: [io  0xd250-0xd257]
Mar 26 14:51:32 nidzik kernel: [    0.329988] pci 0000:00:0d.0: reg 0x1c: [io  0xd258-0xd25b]
Mar 26 14:51:32 nidzik kernel: [    0.332871] pci 0000:00:0d.0: reg 0x20: [io  0xd260-0xd26f]
Mar 26 14:51:32 nidzik kernel: [    0.334870] pci 0000:00:0d.0: reg 0x24: [mem 0xf0806000-0xf0807fff]
Mar 26 14:51:32 nidzik kernel: [    0.340252] ACPI: PCI Interrupt Link [LNKA] (IRQs 5 9 10 *11)
Mar 26 14:51:32 nidzik kernel: [    0.340855] ACPI: PCI Interrupt Link [LNKB] (IRQs 5 9 *10 11)
Mar 26 14:51:32 nidzik kernel: [    0.341255] ACPI: PCI Interrupt Link [LNKC] (IRQs 5 *9 10 11)
Mar 26 14:51:32 nidzik kernel: [    0.341644] ACPI: PCI Interrupt Link [LNKD] (IRQs 5 9 10 *11)
Mar 26 14:51:32 nidzik kernel: [    0.342201] pci 0000:00:02.0: vgaarb: setting as boot VGA device
Mar 26 14:51:32 nidzik kernel: [    0.342234] pci 0000:00:02.0: vgaarb: VGA device added: decodes=io+mem,owns=io+mem,locks=none
Mar 26 14:51:32 nidzik kernel: [    0.342860] pci 0000:00:02.0: vgaarb: bridge control possible
Mar 26 14:51:32 nidzik kernel: [    0.343192] vgaarb: loaded
Mar 26 14:51:32 nidzik kernel: [    0.343929] SCSI subsystem initialized
Mar 26 14:51:32 nidzik kernel: [    0.344394] libata version 3.00 loaded.
Mar 26 14:51:32 nidzik kernel: [    0.344394] ACPI: bus type USB registered
Mar 26 14:51:32 nidzik kernel: [    0.345377] usbcore: registered new interface driver usbfs
Mar 26 14:51:32 nidzik kernel: [    0.345873] usbcore: registered new interface driver hub
Mar 26 14:51:32 nidzik kernel: [    0.346271] usbcore: registered new device driver usb
Mar 26 14:51:32 nidzik kernel: [    0.346732] pps_core: LinuxPPS API ver. 1 registered
Mar 26 14:51:32 nidzik kernel: [    0.346845] pps_core: Software ver. 5.3.6 - Copyright 2005-2007 Rodolfo Giometti <giometti@linux.it>
Mar 26 14:51:32 nidzik kernel: [    0.347355] PTP clock support registered
Mar 26 14:51:32 nidzik kernel: [    0.348014] EDAC MC: Ver: 3.0.0
Mar 26 14:51:32 nidzik kernel: [    0.349012] Advanced Linux Sound Architecture Driver Initialized.
Mar 26 14:51:32 nidzik kernel: [    0.349509] PCI: Using ACPI for IRQ routing
Mar 26 14:51:32 nidzik kernel: [    0.349846] PCI: pci_cache_line_size set to 64 bytes
Mar 26 14:51:32 nidzik kernel: [    0.350052] e820: reserve RAM buffer [mem 0x0009fc00-0x0009ffff]
Mar 26 14:51:32 nidzik kernel: [    0.350058] e820: reserve RAM buffer [mem 0xdfff0000-0xdfffffff]
Mar 26 14:51:32 nidzik kernel: [    0.350280] NetLabel: Initializing
Mar 26 14:51:32 nidzik kernel: [    0.350845] NetLabel:  domain hash size = 128
Mar 26 14:51:32 nidzik kernel: [    0.351127] NetLabel:  protocols = UNLABELED CIPSOv4 CALIPSO
Mar 26 14:51:32 nidzik kernel: [    0.351455] NetLabel:  unlabeled traffic allowed by default
Mar 26 14:51:32 nidzik kernel: [    0.352030] clocksource: Switched to clocksource tsc-early
Mar 26 14:51:32 nidzik kernel: [    0.415054] VFS: Disk quotas dquot_6.6.0
Mar 26 14:51:32 nidzik kernel: [    0.415403] VFS: Dquot-cache hash table entries: 512 (order 0, 4096 bytes)
Mar 26 14:51:32 nidzik kernel: [    0.415944] *** VALIDATE hugetlbfs ***
Mar 26 14:51:32 nidzik kernel: [    0.416264] pnp: PnP ACPI init
Mar 26 14:51:32 nidzik kernel: [    0.416710] pnp 00:00: Plug and Play ACPI device, IDs PNP0303 (active)
Mar 26 14:51:32 nidzik kernel: [    0.416791] pnp 00:01: Plug and Play ACPI device, IDs PNP0f03 (active)
Mar 26 14:51:32 nidzik kernel: [    0.417450] pnp: PnP ACPI: found 2 devices
Mar 26 14:51:32 nidzik kernel: [    0.428031] clocksource: acpi_pm: mask: 0xffffff max_cycles: 0xffffff, max_idle_ns: 2085701024 ns
Mar 26 14:51:32 nidzik kernel: [    0.428516] pci_bus 0000:00: resource 4 [io  0x0000-0x0cf7 window]
Mar 26 14:51:32 nidzik kernel: [    0.428519] pci_bus 0000:00: resource 5 [io  0x0d00-0xffff window]
Mar 26 14:51:32 nidzik kernel: [    0.428522] pci_bus 0000:00: resource 6 [mem 0x000a0000-0x000bffff window]
Mar 26 14:51:32 nidzik kernel: [    0.428524] pci_bus 0000:00: resource 7 [mem 0xe0000000-0xfdffffff window]
Mar 26 14:51:32 nidzik kernel: [    0.428565] NET: Registered protocol family 2
Mar 26 14:51:32 nidzik kernel: [    0.429054] tcp_listen_portaddr_hash hash table entries: 2048 (order: 3, 32768 bytes)
Mar 26 14:51:32 nidzik kernel: [    0.429516] TCP established hash table entries: 32768 (order: 6, 262144 bytes)
Mar 26 14:51:32 nidzik kernel: [    0.430170] TCP bind hash table entries: 32768 (order: 7, 524288 bytes)
Mar 26 14:51:32 nidzik kernel: [    0.430600] TCP: Hash tables configured (established 32768 bind 32768)
Mar 26 14:51:32 nidzik kernel: [    0.431013] UDP hash table entries: 2048 (order: 4, 65536 bytes)
Mar 26 14:51:32 nidzik kernel: [    0.431367] UDP-Lite hash table entries: 2048 (order: 4, 65536 bytes)
Mar 26 14:51:32 nidzik kernel: [    0.431719] NET: Registered protocol family 1
Mar 26 14:51:32 nidzik kernel: [    0.432617] RPC: Registered named UNIX socket transport module.
Mar 26 14:51:32 nidzik kernel: [    0.432977] RPC: Registered udp transport module.
Mar 26 14:51:32 nidzik kernel: [    0.433507] RPC: Registered tcp transport module.
Mar 26 14:51:32 nidzik kernel: [    0.433932] RPC: Registered tcp NFSv4.1 backchannel transport module.
Mar 26 14:51:32 nidzik kernel: [    0.434765] pci 0000:00:00.0: Limiting direct PCI/PCI transfers
Mar 26 14:51:32 nidzik kernel: [    0.435147] pci 0000:00:01.0: Activating ISA DMA hang workarounds
Mar 26 14:51:32 nidzik kernel: [    0.435693] pci 0000:00:02.0: Video device with shadowed ROM at [mem 0x000c0000-0x000dffff]
Mar 26 14:51:32 nidzik kernel: [    0.437705] PCI: CLS 0 bytes, default 64
Mar 26 14:51:32 nidzik kernel: [    0.437745] PCI-DMA: Using software bounce buffering for IO (SWIOTLB)
Mar 26 14:51:32 nidzik kernel: [    0.438099] software IO TLB: mapped [mem 0xdbff0000-0xdfff0000] (64MB)
Mar 26 14:51:32 nidzik kernel: [    0.439209] RAPL PMU: API unit is 2^-32 Joules, 3 fixed counters, 10737418240 ms ovfl timer
Mar 26 14:51:32 nidzik kernel: [    0.439670] RAPL PMU: hw unit of domain pp0-core 2^-0 Joules
Mar 26 14:51:32 nidzik kernel: [    0.439997] RAPL PMU: hw unit of domain package 2^-0 Joules
Mar 26 14:51:32 nidzik kernel: [    0.440302] RAPL PMU: hw unit of domain pp1-gpu 2^-0 Joules
Mar 26 14:51:32 nidzik kernel: [    0.440701] platform rtc_cmos: registered platform RTC device (no PNP device found)
Mar 26 14:51:32 nidzik kernel: [    0.443113] check: Scanning for low memory corruption every 60 seconds
Mar 26 14:51:32 nidzik kernel: [    0.445017] Initialise system trusted keyrings
Mar 26 14:51:32 nidzik kernel: [    0.445459] workingset: timestamp_bits=56 max_order=20 bucket_order=0
Mar 26 14:51:32 nidzik kernel: [    0.452645] NFS: Registering the id_resolver key type
Mar 26 14:51:32 nidzik kernel: [    0.452995] Key type id_resolver registered
Mar 26 14:51:32 nidzik kernel: [    0.453486] Key type id_legacy registered
Mar 26 14:51:32 nidzik kernel: [    0.468692] Key type asymmetric registered
Mar 26 14:51:32 nidzik kernel: [    0.469000] Asymmetric key parser 'x509' registered
Mar 26 14:51:32 nidzik kernel: [    0.469329] Block layer SCSI generic (bsg) driver version 0.4 loaded (major 251)
Mar 26 14:51:32 nidzik kernel: [    0.469765] io scheduler mq-deadline registered
Mar 26 14:51:32 nidzik kernel: [    0.470055] io scheduler kyber registered
Mar 26 14:51:32 nidzik kernel: [    0.470941] ACPI: AC Adapter [AC] (on-line)
Mar 26 14:51:32 nidzik kernel: [    0.471294] input: Power Button as /devices/LNXSYSTM:00/LNXPWRBN:00/input/input0
Mar 26 14:51:32 nidzik kernel: [    0.471771] ACPI: Power Button [PWRF]
Mar 26 14:51:32 nidzik kernel: [    0.472173] input: Sleep Button as /devices/LNXSYSTM:00/LNXSLPBN:00/input/input1
Mar 26 14:51:32 nidzik kernel: [    0.472652] ACPI: Sleep Button [SLPF]
Mar 26 14:51:32 nidzik kernel: [    0.473332] ACPI: Video Device [GFX0] (multi-head: yes  rom: no  post: no)
Mar 26 14:51:32 nidzik kernel: [    0.473908] input: Video Bus as /devices/LNXSYSTM:00/LNXSYBUS:00/PNP0A03:00/LNXVIDEO:00/input/input2
Mar 26 14:51:32 nidzik kernel: [    0.475239] Serial: 8250/16550 driver, 4 ports, IRQ sharing enabled
Mar 26 14:51:32 nidzik kernel: [    0.476120] Non-volatile memory driver v1.3
Mar 26 14:51:32 nidzik kernel: [    0.476703] Linux agpgart interface v0.103
Mar 26 14:51:32 nidzik kernel: [    0.480166] loop: module loaded
Mar 26 14:51:32 nidzik kernel: [    0.480542] ahci 0000:00:0d.0: version 3.0
Mar 26 14:51:32 nidzik kernel: [    0.481039] ahci 0000:00:0d.0: SSS flag set, parallel bus scan disabled
Mar 26 14:51:32 nidzik kernel: [    0.481498] ahci 0000:00:0d.0: AHCI 0001.0100 32 slots 1 ports 3 Gbps 0x1 impl SATA mode
Mar 26 14:51:32 nidzik kernel: [    0.482022] ahci 0000:00:0d.0: flags: 64bit ncq stag only ccc 
Mar 26 14:51:32 nidzik kernel: [    0.483415] scsi host0: ahci
Mar 26 14:51:32 nidzik kernel: [    0.483797] ata1: SATA max UDMA/133 abar m8192@0xf0806000 port 0xf0806100 irq 21
Mar 26 14:51:32 nidzik kernel: [    0.484304] ata_piix 0000:00:01.1: version 2.13
Mar 26 14:51:32 nidzik kernel: [    0.485357] scsi host1: ata_piix
Mar 26 14:51:32 nidzik kernel: [    0.486101] scsi host2: ata_piix
Mar 26 14:51:32 nidzik kernel: [    0.486460] ata2: PATA max UDMA/33 cmd 0x1f0 ctl 0x3f6 bmdma 0xd000 irq 14
Mar 26 14:51:32 nidzik kernel: [    0.486852] ata3: PATA max UDMA/33 cmd 0x170 ctl 0x376 bmdma 0xd008 irq 15
Mar 26 14:51:32 nidzik kernel: [    0.487377] e100: Intel(R) PRO/100 Network Driver, 3.5.24-k2-NAPI
Mar 26 14:51:32 nidzik kernel: [    0.487867] e100: Copyright(c) 1999-2006 Intel Corporation
Mar 26 14:51:32 nidzik kernel: [    0.488336] e1000: Intel(R) PRO/1000 Network Driver - version 7.3.21-k8-NAPI
Mar 26 14:51:32 nidzik kernel: [    0.488726] e1000: Copyright (c) 1999-2006 Intel Corporation.
Mar 26 14:51:32 nidzik kernel: [    0.641533] ata3.00: ATAPI: VBOX CD-ROM, 1.0, max UDMA/133
Mar 26 14:51:32 nidzik kernel: [    0.798515] ata1: SATA link up 3.0 Gbps (SStatus 123 SControl 300)
Mar 26 14:51:32 nidzik kernel: [    0.799218] ata1.00: ATA-6: VBOX HARDDISK, 1.0, max UDMA/133
Mar 26 14:51:32 nidzik kernel: [    0.799703] ata1.00: 61440000 sectors, multi 128: LBA48 NCQ (depth 32)
Mar 26 14:51:32 nidzik kernel: [    0.800489] ata1.00: configured for UDMA/133
Mar 26 14:51:32 nidzik kernel: [    0.801124] scsi 0:0:0:0: Direct-Access     ATA      VBOX HARDDISK    1.0  PQ: 0 ANSI: 5
Mar 26 14:51:32 nidzik kernel: [    0.802225] sd 0:0:0:0: Attached scsi generic sg0 type 0
Mar 26 14:51:32 nidzik kernel: [    0.802281] sd 0:0:0:0: [sda] 61440000 512-byte logical blocks: (31.5 GB/29.3 GiB)
Mar 26 14:51:32 nidzik kernel: [    0.803397] sd 0:0:0:0: [sda] Write Protect is off
Mar 26 14:51:32 nidzik kernel: [    0.803846] sd 0:0:0:0: [sda] Mode Sense: 00 3a 00 00
Mar 26 14:51:32 nidzik kernel: [    0.803889] sd 0:0:0:0: [sda] Write cache: enabled, read cache: enabled, doesn't support DPO or FUA
Mar 26 14:51:32 nidzik kernel: [    0.804574] sd 0:0:0:0: [sda] Optimal transfer size 0 bytes < PAGE_SIZE (4096 bytes)
Mar 26 14:51:32 nidzik kernel: [    0.809280] scsi 2:0:0:0: CD-ROM            VBOX     CD-ROM           1.0  PQ: 0 ANSI: 5
Mar 26 14:51:32 nidzik kernel: [    0.819833]  sda: sda1 sda2 sda3 sda4
Mar 26 14:51:32 nidzik kernel: [    0.821265] sd 0:0:0:0: [sda] Attached SCSI disk
Mar 26 14:51:32 nidzik kernel: [    0.827591] sr 2:0:0:0: [sr0] scsi3-mmc drive: 32x/32x xa/form2 tray
Mar 26 14:51:32 nidzik kernel: [    0.827924] cdrom: Uniform CD-ROM driver Revision: 3.20
Mar 26 14:51:32 nidzik kernel: [    0.828548] sr 2:0:0:0: Attached scsi CD-ROM sr0
Mar 26 14:51:32 nidzik kernel: [    0.828890] sr 2:0:0:0: Attached scsi generic sg1 type 5
Mar 26 14:51:32 nidzik kernel: [    0.855191] e1000 0000:00:03.0 eth0: (PCI:33MHz:32-bit) 08:00:27:f4:aa:c5
Mar 26 14:51:32 nidzik kernel: [    0.855636] e1000 0000:00:03.0 eth0: Intel(R) PRO/1000 Network Connection
Mar 26 14:51:32 nidzik kernel: [    0.856044] e1000e: Intel(R) PRO/1000 Network Driver - 3.2.6-k
Mar 26 14:51:32 nidzik kernel: [    0.856449] e1000e: Copyright(c) 1999 - 2015 Intel Corporation.
Mar 26 14:51:32 nidzik kernel: [    0.856791] sky2: driver version 1.30
Mar 26 14:51:32 nidzik kernel: [    0.857431] ehci_hcd: USB 2.0 'Enhanced' Host Controller (EHCI) Driver
Mar 26 14:51:32 nidzik kernel: [    0.857792] ehci-pci: EHCI PCI platform driver
Mar 26 14:51:32 nidzik kernel: [    0.858619] ehci-pci 0000:00:0b.0: EHCI Host Controller
Mar 26 14:51:32 nidzik kernel: [    0.859121] ehci-pci 0000:00:0b.0: new USB bus registered, assigned bus number 1
Mar 26 14:51:32 nidzik kernel: [    0.859966] ehci-pci 0000:00:0b.0: irq 19, io mem 0xf0805000
Mar 26 14:51:32 nidzik kernel: [    0.867161] ehci-pci 0000:00:0b.0: USB 2.0 started, EHCI 1.00
Mar 26 14:51:32 nidzik kernel: [    0.867531] usb usb1: New USB device found, idVendor=1d6b, idProduct=0002, bcdDevice= 5.01
Mar 26 14:51:32 nidzik kernel: [    0.867979] usb usb1: New USB device strings: Mfr=3, Product=2, SerialNumber=1
Mar 26 14:51:32 nidzik kernel: [    0.868434] usb usb1: Product: EHCI Host Controller
Mar 26 14:51:32 nidzik kernel: [    0.868829] usb usb1: Manufacturer: Linux 5.1.0-rc2-next-20190326 ehci_hcd
Mar 26 14:51:32 nidzik kernel: [    0.869191] usb usb1: SerialNumber: 0000:00:0b.0
Mar 26 14:51:32 nidzik kernel: [    0.869806] hub 1-0:1.0: USB hub found
Mar 26 14:51:32 nidzik kernel: [    0.870181] hub 1-0:1.0: 12 ports detected
Mar 26 14:51:32 nidzik kernel: [    0.870953] ohci_hcd: USB 1.1 'Open' Host Controller (OHCI) Driver
Mar 26 14:51:32 nidzik kernel: [    0.871426] ohci-pci: OHCI PCI platform driver
Mar 26 14:51:32 nidzik kernel: [    0.872194] ohci-pci 0000:00:06.0: OHCI PCI host controller
Mar 26 14:51:32 nidzik kernel: [    0.872719] ohci-pci 0000:00:06.0: new USB bus registered, assigned bus number 2
Mar 26 14:51:32 nidzik kernel: [    0.873544] ohci-pci 0000:00:06.0: irq 22, io mem 0xf0804000
Mar 26 14:51:32 nidzik kernel: [    0.926755] usb usb2: New USB device found, idVendor=1d6b, idProduct=0001, bcdDevice= 5.01
Mar 26 14:51:32 nidzik kernel: [    0.927323] usb usb2: New USB device strings: Mfr=3, Product=2, SerialNumber=1
Mar 26 14:51:32 nidzik kernel: [    0.927799] usb usb2: Product: OHCI PCI host controller
Mar 26 14:51:32 nidzik kernel: [    0.928165] usb usb2: Manufacturer: Linux 5.1.0-rc2-next-20190326 ohci_hcd
Mar 26 14:51:32 nidzik kernel: [    0.928508] usb usb2: SerialNumber: 0000:00:06.0
Mar 26 14:51:32 nidzik kernel: [    0.929051] hub 2-0:1.0: USB hub found
Mar 26 14:51:32 nidzik kernel: [    0.929409] hub 2-0:1.0: 12 ports detected
Mar 26 14:51:32 nidzik kernel: [    0.930410] uhci_hcd: USB Universal Host Controller Interface driver
Mar 26 14:51:32 nidzik kernel: [    0.930838] usbcore: registered new interface driver usblp
Mar 26 14:51:32 nidzik kernel: [    0.931395] usbcore: registered new interface driver usb-storage
Mar 26 14:51:32 nidzik kernel: [    0.931906] i8042: PNP: PS/2 Controller [PNP0303:PS2K,PNP0f03:PS2M] at 0x60,0x64 irq 1,12
Mar 26 14:51:32 nidzik kernel: [    0.933079] serio: i8042 KBD port at 0x60,0x64 irq 1
Mar 26 14:51:32 nidzik kernel: [    0.933885] serio: i8042 AUX port at 0x60,0x64 irq 12
Mar 26 14:51:32 nidzik kernel: [    0.935329] rtc_cmos rtc_cmos: registered as rtc0
Mar 26 14:51:32 nidzik kernel: [    0.935817] rtc_cmos rtc_cmos: alarms up to one day, 114 bytes nvram
Mar 26 14:51:32 nidzik kernel: [    0.936569] device-mapper: ioctl: 4.40.0-ioctl (2019-01-18) initialised: dm-devel@redhat.com
Mar 26 14:51:32 nidzik kernel: [    0.937168] intel_pstate: CPU ID not supported
Mar 26 14:51:32 nidzik kernel: [    0.937503] hidraw: raw HID events driver (C) Jiri Kosina
Mar 26 14:51:32 nidzik kernel: [    0.938115] usbcore: registered new interface driver usbhid
Mar 26 14:51:32 nidzik kernel: [    0.939153] usbhid: USB HID core driver
Mar 26 14:51:32 nidzik kernel: [    0.941338] Initializing XFRM netlink socket
Mar 26 14:51:32 nidzik kernel: [    0.941846] NET: Registered protocol family 10
Mar 26 14:51:32 nidzik kernel: [    0.942398] input: AT Translated Set 2 keyboard as /devices/platform/i8042/serio0/input/input3
Mar 26 14:51:32 nidzik kernel: [    0.943160] Segment Routing with IPv6
Mar 26 14:51:32 nidzik kernel: [    0.944136] sit: IPv6, IPv4 and MPLS over IPv4 tunneling driver
Mar 26 14:51:32 nidzik kernel: [    0.944603] NET: Registered protocol family 17
Mar 26 14:51:32 nidzik kernel: [    0.944949] Key type dns_resolver registered
Mar 26 14:51:32 nidzik kernel: [    0.945868] sched_clock: Marking stable (905555191, 40243036)->(1062257518, -116459291)
Mar 26 14:51:32 nidzik kernel: [    0.947891] registered taskstats version 1
Mar 26 14:51:32 nidzik kernel: [    0.948205] Loading compiled-in X.509 certificates
Mar 26 14:51:32 nidzik kernel: [    0.948766] PM:   Magic number: 11:652:888
Mar 26 14:51:32 nidzik kernel: [    0.949223] printk: console [netcon0] enabled
Mar 26 14:51:32 nidzik kernel: [    0.949502] netconsole: network logging started
Mar 26 14:51:32 nidzik kernel: [    0.949889] cfg80211: Loading compiled-in X.509 certificates for regulatory database
Mar 26 14:51:32 nidzik kernel: [    0.951515] cfg80211: Loaded X.509 cert 'sforshee: 00b28ddf47aef9cea7'
Mar 26 14:51:32 nidzik kernel: [    0.951890] ALSA device list:
Mar 26 14:51:32 nidzik kernel: [    0.952174]   No soundcards found.
Mar 26 14:51:32 nidzik kernel: [    0.952523] platform regulatory.0: Direct firmware load for regulatory.db failed with error -2
Mar 26 14:51:32 nidzik kernel: [    0.952993] cfg80211: failed to load regulatory.db
Mar 26 14:51:32 nidzik kernel: [    1.166105] random: fast init done
Mar 26 14:51:32 nidzik kernel: [    1.166833] input: ImExPS/2 Generic Explorer Mouse as /devices/platform/i8042/serio1/input/input5
Mar 26 14:51:32 nidzik kernel: [    1.167742] md: Waiting for all devices to be available before autodetect
Mar 26 14:51:32 nidzik kernel: [    1.168143] md: If you don't use raid, use raid=noautodetect
Mar 26 14:51:32 nidzik kernel: [    1.168902] md: Autodetecting RAID arrays.
Mar 26 14:51:32 nidzik kernel: [    1.169281] md: autorun ...
Mar 26 14:51:32 nidzik kernel: [    1.169554] md: ... autorun DONE.
Mar 26 14:51:32 nidzik kernel: [    1.202256] EXT4-fs (sda1): mounted filesystem with ordered data mode. Opts: (null)
Mar 26 14:51:32 nidzik kernel: [    1.202773] VFS: Mounted root (ext4 filesystem) readonly on device 8:1.
Mar 26 14:51:32 nidzik kernel: [    1.236547] devtmpfs: mounted
Mar 26 14:51:32 nidzik kernel: [    1.237244] Freeing unused kernel image memory: 1264K
Mar 26 14:51:32 nidzik kernel: [    1.244008] Write protecting the kernel read-only data: 20480k
Mar 26 14:51:32 nidzik kernel: [    1.245069] Freeing unused kernel image memory: 2008K
Mar 26 14:51:32 nidzik kernel: [    1.245812] Freeing unused kernel image memory: 964K
Mar 26 14:51:32 nidzik kernel: [    1.246266] Run /sbin/init as init process
Mar 26 14:51:32 nidzik kernel: [    1.310001] usb 2-1: new full-speed USB device number 2 using ohci-pci
Mar 26 14:51:32 nidzik kernel: [    1.492603] tsc: Refined TSC clocksource calibration: 2893.415 MHz
Mar 26 14:51:32 nidzik kernel: [    1.493025] clocksource: tsc: mask: 0xffffffffffffffff max_cycles: 0x29b4f698fec, max_idle_ns: 440795268304 ns
Mar 26 14:51:32 nidzik kernel: [    1.496447] clocksource: Switched to clocksource tsc
Mar 26 14:51:32 nidzik kernel: [    1.552585] usb 2-1: New USB device found, idVendor=80ee, idProduct=0021, bcdDevice= 1.00
Mar 26 14:51:32 nidzik kernel: [    1.552918] usb 2-1: New USB device strings: Mfr=1, Product=3, SerialNumber=0
Mar 26 14:51:32 nidzik kernel: [    1.553286] usb 2-1: Product: USB Tablet
Mar 26 14:51:32 nidzik kernel: [    1.553586] usb 2-1: Manufacturer: VirtualBox
Mar 26 14:51:32 nidzik kernel: [    1.566118] input: VirtualBox USB Tablet as /devices/pci0000:00/0000:00:06.0/usb2/2-1/2-1:1.0/0003:80EE:0021.0001/input/input6
Mar 26 14:51:32 nidzik kernel: [    1.567652] hid-generic 0003:80EE:0021.0001: input,hidraw0: USB HID v1.10 Mouse [VirtualBox USB Tablet] on usb-0000:00:06.0-1/input0
Mar 26 14:51:32 nidzik kernel: [    1.642114] stty (1138) used greatest stack depth: 13864 bytes left
Mar 26 14:51:32 nidzik kernel: [    1.734724] dmesg (1139) used greatest stack depth: 13752 bytes left
Mar 26 14:51:32 nidzik kernel: [    1.938978] random: crng init done
Mar 26 14:51:32 nidzik kernel: [    2.146087] ip (1197) used greatest stack depth: 12504 bytes left
Mar 26 14:51:32 nidzik kernel: <30>[    2.322567] udevd[1227]: starting version 3.2.2
Mar 26 14:51:32 nidzik kernel: <30>[    2.503811] udevd[1228]: starting eudev-3.2.2
Mar 26 14:51:32 nidzik kernel: [    2.775418] Adding 1046524k swap on /dev/sda3.  Priority:1 extents:1 across:1046524k 
Mar 26 14:51:32 nidzik kernel: [    2.819238] EXT4-fs (sda1): re-mounted. Opts: (null)
Mar 26 14:51:32 nidzik kernel: [    2.826828] e1000 0000:00:03.0 enp0s3: renamed from eth0
Mar 26 14:51:32 nidzik kernel: [    3.146032] EXT4-fs (sda1): re-mounted. Opts: (null)
Mar 26 14:51:32 nidzik kernel: [    3.190329] EXT4-fs (sda4): mounting ext2 file system using the ext4 subsystem
Mar 26 14:51:32 nidzik kernel: [    3.251929] EXT4-fs (sda4): mounted filesystem without journal. Opts: (null)
Mar 26 14:51:32 nidzik kernel: [    3.322677] EXT4-fs (sda2): mounted filesystem with ordered data mode. Opts: (null)
Mar 26 14:51:32 nidzik kernel: [    4.170189] hrtimer: interrupt took 4573995 ns
Mar 26 14:51:33 nidzik kernel: [    4.493496] e1000: enp0s3 NIC Link is Up 1000 Mbps Full Duplex, Flow Control: RX
Mar 26 14:51:33 nidzik kernel: [    4.493742] IPv6: ADDRCONF(NETDEV_CHANGE): enp0s3: link becomes ready
