Nov 21 18:03:16 nidzik kernel: klogd 1.5.1, log source = /proc/kmsg started.
Nov 21 18:03:16 nidzik kernel: Cannot find map file.
Nov 21 18:03:16 nidzik kernel: Loaded 47308 symbols from 1 module.
Nov 21 18:03:16 nidzik kernel: [    0.000000] Linux version 4.20.0-rc3-00087-gc8ce94b8fe53 (root@nidzik) (gcc version 7.2.0 (GCC)) #1 SMP Wed Nov 21 16:30:47 CET 2018
Nov 21 18:03:16 nidzik kernel: [    0.000000] Command line: BOOT_IMAGE=/vmlinuz-4.20.3-nico-debugkernel root=/dev/sda1 ro
Nov 21 18:03:16 nidzik kernel: [    0.000000] x86/fpu: Supporting XSAVE feature 0x001: 'x87 floating point registers'
Nov 21 18:03:16 nidzik kernel: [    0.000000] x86/fpu: Supporting XSAVE feature 0x002: 'SSE registers'
Nov 21 18:03:16 nidzik kernel: [    0.000000] x86/fpu: Supporting XSAVE feature 0x004: 'AVX registers'
Nov 21 18:03:16 nidzik kernel: [    0.000000] x86/fpu: xstate_offset[2]:  576, xstate_sizes[2]:  256
Nov 21 18:03:16 nidzik kernel: [    0.000000] x86/fpu: Enabled xstate features 0x7, context size is 832 bytes, using 'standard' format.
Nov 21 18:03:16 nidzik kernel: [    0.000000] BIOS-provided physical RAM map:
Nov 21 18:03:16 nidzik kernel: [    0.000000] BIOS-e820: [mem 0x0000000000000000-0x000000000009fbff] usable
Nov 21 18:03:16 nidzik kernel: [    0.000000] BIOS-e820: [mem 0x000000000009fc00-0x000000000009ffff] reserved
Nov 21 18:03:16 nidzik kernel: [    0.000000] BIOS-e820: [mem 0x00000000000f0000-0x00000000000fffff] reserved
Nov 21 18:03:16 nidzik kernel: [    0.000000] BIOS-e820: [mem 0x0000000000100000-0x00000000dd5effff] usable
Nov 21 18:03:16 nidzik kernel: [    0.000000] BIOS-e820: [mem 0x00000000dd5f0000-0x00000000dd5fffff] ACPI data
Nov 21 18:03:16 nidzik kernel: [    0.000000] BIOS-e820: [mem 0x00000000fec00000-0x00000000fec00fff] reserved
Nov 21 18:03:16 nidzik kernel: [    0.000000] BIOS-e820: [mem 0x00000000fee00000-0x00000000fee00fff] reserved
Nov 21 18:03:16 nidzik kernel: [    0.000000] BIOS-e820: [mem 0x00000000fffc0000-0x00000000ffffffff] reserved
Nov 21 18:03:16 nidzik kernel: [    0.000000] NX (Execute Disable) protection: active
Nov 21 18:03:16 nidzik kernel: [    0.000000] SMBIOS 2.5 present.
Nov 21 18:03:16 nidzik kernel: [    0.000000] DMI: innotek GmbH VirtualBox/VirtualBox, BIOS VirtualBox 12/01/2006
Nov 21 18:03:16 nidzik kernel: [    0.000000] tsc: Fast TSC calibration using PIT
Nov 21 18:03:16 nidzik kernel: [    0.000000] tsc: Detected 2893.430 MHz processor
Nov 21 18:03:16 nidzik kernel: [    0.001550] e820: update [mem 0x00000000-0x00000fff] usable ==> reserved
Nov 21 18:03:16 nidzik kernel: [    0.001553] e820: remove [mem 0x000a0000-0x000fffff] usable
Nov 21 18:03:16 nidzik kernel: [    0.001558] last_pfn = 0xdd5f0 max_arch_pfn = 0x400000000
Nov 21 18:03:16 nidzik kernel: [    0.001577] MTRR default type: uncachable
Nov 21 18:03:16 nidzik kernel: [    0.001579] MTRR variable ranges disabled:
Nov 21 18:03:16 nidzik kernel: [    0.001580] Disabled
Nov 21 18:03:16 nidzik kernel: [    0.001582] x86/PAT: MTRRs disabled, skipping PAT initialization too.
Nov 21 18:03:16 nidzik kernel: [    0.001586] CPU MTRRs all blank - virtualized system.
Nov 21 18:03:16 nidzik kernel: [    0.001589] x86/PAT: Configuration [0-7]: WB  WT  UC- UC  WB  WT  UC- UC  
Nov 21 18:03:16 nidzik kernel: [    0.001663] found SMP MP-table at [mem 0x0009fff0-0x0009ffff] mapped at [(____ptrval____)]
Nov 21 18:03:16 nidzik kernel: [    0.001679] check: Scanning 1 areas for low memory corruption
Nov 21 18:03:16 nidzik kernel: [    0.001683] Base memory trampoline at [(____ptrval____)] 99000 size 24576
Nov 21 18:03:16 nidzik kernel: [    0.001710] BRK [0xbf601000, 0xbf601fff] PGTABLE
Nov 21 18:03:16 nidzik kernel: [    0.001714] BRK [0xbf602000, 0xbf602fff] PGTABLE
Nov 21 18:03:16 nidzik kernel: [    0.001716] BRK [0xbf603000, 0xbf603fff] PGTABLE
Nov 21 18:03:16 nidzik kernel: [    0.001747] BRK [0xbf604000, 0xbf604fff] PGTABLE
Nov 21 18:03:16 nidzik kernel: [    0.001750] BRK [0xbf605000, 0xbf605fff] PGTABLE
Nov 21 18:03:16 nidzik kernel: [    0.001869] BRK [0xbf606000, 0xbf606fff] PGTABLE
Nov 21 18:03:16 nidzik kernel: [    0.001905] BRK [0xbf607000, 0xbf607fff] PGTABLE
Nov 21 18:03:16 nidzik kernel: [    0.001950] ACPI: Early table checksum verification disabled
Nov 21 18:03:16 nidzik kernel: [    0.001972] ACPI: RSDP 0x00000000000E0000 000024 (v02 VBOX  )
Nov 21 18:03:16 nidzik kernel: [    0.001978] ACPI: XSDT 0x00000000DD5F0030 00003C (v01 VBOX   VBOXXSDT 00000001 ASL  00000061)
Nov 21 18:03:16 nidzik kernel: [    0.002002] ACPI: FACP 0x00000000DD5F00F0 0000F4 (v04 VBOX   VBOXFACP 00000001 ASL  00000061)
Nov 21 18:03:16 nidzik kernel: [    0.002009] ACPI: DSDT 0x00000000DD5F0480 0021FF (v02 VBOX   VBOXBIOS 00000002 INTL 20100528)
Nov 21 18:03:16 nidzik kernel: [    0.002014] ACPI: FACS 0x00000000DD5F0200 000040
Nov 21 18:03:16 nidzik kernel: [    0.002019] ACPI: FACS 0x00000000DD5F0200 000040
Nov 21 18:03:16 nidzik kernel: [    0.002023] ACPI: APIC 0x00000000DD5F0240 00006C (v02 VBOX   VBOXAPIC 00000001 ASL  00000061)
Nov 21 18:03:16 nidzik kernel: [    0.002028] ACPI: SSDT 0x00000000DD5F02B0 0001CC (v01 VBOX   VBOXCPUT 00000002 INTL 20100528)
Nov 21 18:03:16 nidzik kernel: [    0.002039] ACPI: Local APIC address 0xfee00000
Nov 21 18:03:16 nidzik kernel: [    0.002234] No NUMA configuration found
Nov 21 18:03:16 nidzik kernel: [    0.002236] Faking a node at [mem 0x0000000000000000-0x00000000dd5effff]
Nov 21 18:03:16 nidzik kernel: [    0.002240] NODE_DATA(0) allocated [mem 0xdd5ec000-0xdd5effff]
Nov 21 18:03:16 nidzik kernel: [    0.002253] Zone ranges:
Nov 21 18:03:16 nidzik kernel: [    0.002256]   DMA      [mem 0x0000000000001000-0x0000000000ffffff]
Nov 21 18:03:16 nidzik kernel: [    0.002258]   DMA32    [mem 0x0000000001000000-0x00000000dd5effff]
Nov 21 18:03:16 nidzik kernel: [    0.002260]   Normal   empty
Nov 21 18:03:16 nidzik kernel: [    0.002262] Movable zone start for each node
Nov 21 18:03:16 nidzik kernel: [    0.002264] Early memory node ranges
Nov 21 18:03:16 nidzik kernel: [    0.002266]   node   0: [mem 0x0000000000001000-0x000000000009efff]
Nov 21 18:03:16 nidzik kernel: [    0.002268]   node   0: [mem 0x0000000000100000-0x00000000dd5effff]
Nov 21 18:03:16 nidzik kernel: [    0.002538] Zeroed struct page in unavailable ranges: 98 pages
Nov 21 18:03:16 nidzik kernel: [    0.002541] Initmem setup node 0 [mem 0x0000000000001000-0x00000000dd5effff]
Nov 21 18:03:16 nidzik kernel: [    0.002545] On node 0 totalpages: 906638
Nov 21 18:03:16 nidzik kernel: [    0.002547]   DMA zone: 64 pages used for memmap
Nov 21 18:03:16 nidzik kernel: [    0.002548]   DMA zone: 21 pages reserved
Nov 21 18:03:16 nidzik kernel: [    0.002550]   DMA zone: 3998 pages, LIFO batch:0
Nov 21 18:03:16 nidzik kernel: [    0.002634]   DMA32 zone: 14104 pages used for memmap
Nov 21 18:03:16 nidzik kernel: [    0.002636]   DMA32 zone: 902640 pages, LIFO batch:63
Nov 21 18:03:16 nidzik kernel: [    0.026533] ACPI: PM-Timer IO Port: 0x4008
Nov 21 18:03:16 nidzik kernel: [    0.026540] ACPI: Local APIC address 0xfee00000
Nov 21 18:03:16 nidzik kernel: [    0.026593] IOAPIC[0]: apic_id 4, version 32, address 0xfec00000, GSI 0-23
Nov 21 18:03:16 nidzik kernel: [    0.026598] ACPI: INT_SRC_OVR (bus 0 bus_irq 0 global_irq 2 dfl dfl)
Nov 21 18:03:16 nidzik kernel: [    0.026601] ACPI: INT_SRC_OVR (bus 0 bus_irq 9 global_irq 9 low level)
Nov 21 18:03:16 nidzik kernel: [    0.026604] ACPI: IRQ0 used by override.
Nov 21 18:03:16 nidzik kernel: [    0.026606] ACPI: IRQ9 used by override.
Nov 21 18:03:16 nidzik kernel: [    0.026609] Using ACPI (MADT) for SMP configuration information
Nov 21 18:03:16 nidzik kernel: [    0.026616] smpboot: Allowing 4 CPUs, 0 hotplug CPUs
Nov 21 18:03:16 nidzik kernel: [    0.026627] PM: Registered nosave memory: [mem 0x00000000-0x00000fff]
Nov 21 18:03:16 nidzik kernel: [    0.026630] PM: Registered nosave memory: [mem 0x0009f000-0x0009ffff]
Nov 21 18:03:16 nidzik kernel: [    0.026631] PM: Registered nosave memory: [mem 0x000a0000-0x000effff]
Nov 21 18:03:16 nidzik kernel: [    0.026633] PM: Registered nosave memory: [mem 0x000f0000-0x000fffff]
Nov 21 18:03:16 nidzik kernel: [    0.026636] [mem 0xdd600000-0xfebfffff] available for PCI devices
Nov 21 18:03:16 nidzik kernel: [    0.026639] clocksource: refined-jiffies: mask: 0xffffffff max_cycles: 0xffffffff, max_idle_ns: 1910969940391419 ns
Nov 21 18:03:16 nidzik kernel: [    0.109106] random: get_random_bytes called from start_kernel+0x8b/0x486 with crng_init=0
Nov 21 18:03:16 nidzik kernel: [    0.109117] setup_percpu: NR_CPUS:64 nr_cpumask_bits:64 nr_cpu_ids:4 nr_node_ids:1
Nov 21 18:03:16 nidzik kernel: [    0.109445] percpu: Embedded 43 pages/cpu @(____ptrval____) s138008 r8192 d29928 u524288
Nov 21 18:03:16 nidzik kernel: [    0.109450] pcpu-alloc: s138008 r8192 d29928 u524288 alloc=1*2097152
Nov 21 18:03:16 nidzik kernel: [    0.109452] pcpu-alloc: [0] 0 1 2 3 
Nov 21 18:03:16 nidzik kernel: [    0.109466] Built 1 zonelists, mobility grouping on.  Total pages: 892449
Nov 21 18:03:16 nidzik kernel: [    0.109468] Policy zone: DMA32
Nov 21 18:03:16 nidzik kernel: [    0.109470] Kernel command line: BOOT_IMAGE=/vmlinuz-4.20.3-nico-debugkernel root=/dev/sda1 ro
Nov 21 18:03:16 nidzik kernel: [    0.109566] Calgary: detecting Calgary via BIOS EBDA area
Nov 21 18:03:16 nidzik kernel: [    0.109568] Calgary: Unable to locate Rio Grande table in EBDA - bailing!
Nov 21 18:03:16 nidzik kernel: [    0.116983] Memory: 3541688K/3626552K available (12293K kernel code, 1268K rwdata, 3108K rodata, 1244K init, 1540K bss, 84864K reserved, 0K cma-reserved)
Nov 21 18:03:16 nidzik kernel: [    0.117309] SLUB: HWalign=64, Order=0-3, MinObjects=0, CPUs=4, Nodes=1
Nov 21 18:03:16 nidzik kernel: [    0.117314] Kernel/User page tables isolation: enabled
Nov 21 18:03:16 nidzik kernel: [    0.117646] rcu: Hierarchical RCU implementation.
Nov 21 18:03:16 nidzik kernel: [    0.117649] rcu: ^IRCU event tracing is enabled.
Nov 21 18:03:16 nidzik kernel: [    0.117650] rcu: ^IRCU restricting CPUs from NR_CPUS=64 to nr_cpu_ids=4.
Nov 21 18:03:16 nidzik kernel: [    0.117653] rcu: RCU calculated value of scheduler-enlistment delay is 100 jiffies.
Nov 21 18:03:16 nidzik kernel: [    0.117654] rcu: Adjusting geometry for rcu_fanout_leaf=16, nr_cpu_ids=4
Nov 21 18:03:16 nidzik kernel: [    0.117805] NR_IRQS: 4352, nr_irqs: 456, preallocated irqs: 16
Nov 21 18:03:16 nidzik kernel: [    0.125538] Console: colour VGA+ 80x25
Nov 21 18:03:16 nidzik kernel: [    0.155806] printk: console [tty0] enabled
Nov 21 18:03:16 nidzik kernel: [    0.156155] ACPI: Core revision 20181003
Nov 21 18:03:16 nidzik kernel: [    0.156601] APIC: Switch to symmetric I/O mode setup
Nov 21 18:03:16 nidzik kernel: [    0.157549] ..TIMER: vector=0x30 apic1=0 pin1=2 apic2=-1 pin2=-1
Nov 21 18:03:16 nidzik kernel: [    0.163564] clocksource: tsc-early: mask: 0xffffffffffffffff max_cycles: 0x29b5049ca8c, max_idle_ns: 440795222133 ns
Nov 21 18:03:16 nidzik kernel: [    0.164133] Calibrating delay loop (skipped), value calculated using timer frequency.. 5786.86 BogoMIPS (lpj=2893430)
Nov 21 18:03:16 nidzik kernel: [    0.165118] pid_max: default: 32768 minimum: 301
Nov 21 18:03:16 nidzik kernel: [    0.165448] LSM: Security Framework initializing
Nov 21 18:03:16 nidzik kernel: [    0.165765] SELinux:  Initializing.
Nov 21 18:03:16 nidzik kernel: [    0.166946] Dentry cache hash table entries: 524288 (order: 10, 4194304 bytes)
Nov 21 18:03:16 nidzik kernel: [    0.167524] Inode-cache hash table entries: 262144 (order: 9, 2097152 bytes)
Nov 21 18:03:16 nidzik kernel: [    0.168024] Mount-cache hash table entries: 8192 (order: 4, 65536 bytes)
Nov 21 18:03:16 nidzik kernel: [    0.168127] Mountpoint-cache hash table entries: 8192 (order: 4, 65536 bytes)
Nov 21 18:03:16 nidzik kernel: [    0.168724] mce: CPU supports 0 MCE banks
Nov 21 18:03:16 nidzik kernel: [    0.169487] Last level iTLB entries: 4KB 512, 2MB 8, 4MB 8
Nov 21 18:03:16 nidzik kernel: [    0.169858] Last level dTLB entries: 4KB 512, 2MB 32, 4MB 32, 1GB 0
Nov 21 18:03:16 nidzik kernel: [    0.170168] Spectre V2 : Vulnerable: Minimal generic ASM retpoline
Nov 21 18:03:16 nidzik kernel: [    0.171118] Spectre V2 : Spectre v2 / SpectreRSB mitigation: Filling RSB on context switch
Nov 21 18:03:16 nidzik kernel: [    0.171682] Speculative Store Bypass: Vulnerable
Nov 21 18:03:16 nidzik kernel: [    0.172276] Freeing SMP alternatives memory: 40K
Nov 21 18:03:16 nidzik kernel: [    0.173111] smpboot: CPU0: Intel(R) Core(TM) i5-3470S CPU @ 2.90GHz (family: 0x6, model: 0x3a, stepping: 0x9)
Nov 21 18:03:16 nidzik kernel: [    0.173191] Performance Events: unsupported p6 CPU model 58 no PMU driver, software events only.
Nov 21 18:03:16 nidzik kernel: [    0.173717] rcu: Hierarchical SRCU implementation.
Nov 21 18:03:16 nidzik kernel: [    0.174169] smp: Bringing up secondary CPUs ...
Nov 21 18:03:16 nidzik kernel: [    0.174594] x86: Booting SMP configuration:
Nov 21 18:03:16 nidzik kernel: [    0.174873] .... node  #0, CPUs:      #1
Nov 21 18:03:16 nidzik kernel: [    0.041234] mce: CPU supports 0 MCE banks
Nov 21 18:03:16 nidzik kernel: [    0.176249]  #2
Nov 21 18:03:16 nidzik kernel: [    0.041234] mce: CPU supports 0 MCE banks
Nov 21 18:03:16 nidzik kernel: [    0.178258]  #3
Nov 21 18:03:16 nidzik kernel: [    0.041234] mce: CPU supports 0 MCE banks
Nov 21 18:03:16 nidzik kernel: [    0.179133] smp: Brought up 1 node, 4 CPUs
Nov 21 18:03:16 nidzik kernel: [    0.181966] smpboot: Max logical packages: 1
Nov 21 18:03:16 nidzik kernel: [    0.182120] smpboot: Total of 4 processors activated (23147.44 BogoMIPS)
Nov 21 18:03:16 nidzik kernel: [    0.184120] devtmpfs: initialized
Nov 21 18:03:16 nidzik kernel: [    0.185223] clocksource: jiffies: mask: 0xffffffff max_cycles: 0xffffffff, max_idle_ns: 1911260446275000 ns
Nov 21 18:03:16 nidzik kernel: [    0.185961] futex hash table entries: 1024 (order: 4, 65536 bytes)
Nov 21 18:03:16 nidzik kernel: [    0.185945] kworker/u8:0 (31) used greatest stack depth: 14168 bytes left
Nov 21 18:03:16 nidzik kernel: [    0.186243] RTC time: 17:02:58, date: 11/21/18
Nov 21 18:03:16 nidzik kernel: [    0.187374] NET: Registered protocol family 16
Nov 21 18:03:16 nidzik kernel: [    0.187779] audit: initializing netlink subsys (disabled)
Nov 21 18:03:16 nidzik kernel: [    0.188182] audit: type=2000 audit(1542819778.030:1): state=initialized audit_enabled=0 res=1
Nov 21 18:03:16 nidzik kernel: [    0.188508] cpuidle: using governor menu
Nov 21 18:03:16 nidzik kernel: [    0.189167] ACPI: bus type PCI registered
Nov 21 18:03:16 nidzik kernel: [    0.189573] PCI: Using configuration type 1 for base access
Nov 21 18:03:16 nidzik kernel: [    0.195660] HugeTLB registered 2.00 MiB page size, pre-allocated 0 pages
Nov 21 18:03:16 nidzik kernel: [    0.196354] ACPI: Added _OSI(Module Device)
Nov 21 18:03:16 nidzik kernel: [    0.196711] ACPI: Added _OSI(Processor Device)
Nov 21 18:03:16 nidzik kernel: [    0.197152] ACPI: Added _OSI(3.0 _SCP Extensions)
Nov 21 18:03:16 nidzik kernel: [    0.197449] ACPI: Added _OSI(Processor Aggregator Device)
Nov 21 18:03:16 nidzik kernel: [    0.197775] ACPI: Added _OSI(Linux-Dell-Video)
Nov 21 18:03:16 nidzik kernel: [    0.198119] ACPI: Added _OSI(Linux-Lenovo-NV-HDMI-Audio)
Nov 21 18:03:16 nidzik kernel: [    0.199954] ACPI: 2 ACPI AML tables successfully acquired and loaded
Nov 21 18:03:16 nidzik kernel: [    0.201669] ACPI: Interpreter enabled
Nov 21 18:03:16 nidzik kernel: [    0.201995] ACPI: (supports S0 S5)
Nov 21 18:03:16 nidzik kernel: [    0.202215] ACPI: Using IOAPIC for interrupt routing
Nov 21 18:03:16 nidzik kernel: [    0.202442] PCI: Using host bridge windows from ACPI; if necessary, use "pci=nocrs" and report a bug
Nov 21 18:03:16 nidzik kernel: [    0.204180] ACPI: Enabled 2 GPEs in block 00 to 07
Nov 21 18:03:16 nidzik kernel: [    0.209035] ACPI: PCI Root Bridge [PCI0] (domain 0000 [bus 00-ff])
Nov 21 18:03:16 nidzik kernel: [    0.209122] acpi PNP0A03:00: _OSC: OS supports [ASPM ClockPM Segments MSI]
Nov 21 18:03:16 nidzik kernel: [    0.209484] acpi PNP0A03:00: _OSC: not requesting OS control; OS requires [ExtendedConfig ASPM ClockPM MSI]
Nov 21 18:03:16 nidzik kernel: [    0.210124] acpi PNP0A03:00: fail to add MMCONFIG information, can't access extended PCI configuration space under this bridge.
Nov 21 18:03:16 nidzik kernel: [    0.210756] PCI host bridge to bus 0000:00
Nov 21 18:03:16 nidzik kernel: [    0.211119] pci_bus 0000:00: root bus resource [io  0x0000-0x0cf7 window]
Nov 21 18:03:16 nidzik kernel: [    0.211485] pci_bus 0000:00: root bus resource [io  0x0d00-0xffff window]
Nov 21 18:03:16 nidzik kernel: [    0.211806] pci_bus 0000:00: root bus resource [mem 0x000a0000-0x000bffff window]
Nov 21 18:03:16 nidzik kernel: [    0.212118] pci_bus 0000:00: root bus resource [mem 0xdd600000-0xfdffffff window]
Nov 21 18:03:16 nidzik kernel: [    0.212540] pci_bus 0000:00: root bus resource [bus 00-ff]
Nov 21 18:03:16 nidzik kernel: [    0.213157] pci 0000:00:00.0: [8086:1237] type 00 class 0x060000
Nov 21 18:03:16 nidzik kernel: [    0.213728] pci 0000:00:01.0: [8086:7000] type 00 class 0x060100
Nov 21 18:03:16 nidzik kernel: [    0.214683] pci 0000:00:02.0: [80ee:beef] type 00 class 0x030000
Nov 21 18:03:16 nidzik kernel: [    0.217147] pci 0000:00:02.0: reg 0x10: [mem 0xe0000000-0xe3ffffff pref]
Nov 21 18:03:16 nidzik kernel: [    0.231517] pci 0000:00:03.0: [8086:100e] type 00 class 0x020000
Nov 21 18:03:16 nidzik kernel: [    0.233440] pci 0000:00:03.0: reg 0x10: [mem 0xf0000000-0xf001ffff]
Nov 21 18:03:16 nidzik kernel: [    0.238154] pci 0000:00:03.0: reg 0x18: [io  0xd000-0xd007]
Nov 21 18:03:16 nidzik kernel: [    0.245886] pci 0000:00:04.0: [80ee:cafe] type 00 class 0x088000
Nov 21 18:03:16 nidzik kernel: [    0.248147] pci 0000:00:04.0: reg 0x10: [io  0xd020-0xd03f]
Nov 21 18:03:16 nidzik kernel: [    0.250186] pci 0000:00:04.0: reg 0x14: [mem 0xf0400000-0xf07fffff]
Nov 21 18:03:16 nidzik kernel: [    0.251200] pci 0000:00:04.0: reg 0x18: [mem 0xf0800000-0xf0803fff pref]
Nov 21 18:03:16 nidzik kernel: [    0.259246] pci 0000:00:05.0: [8086:2668] type 00 class 0x040300
Nov 21 18:03:16 nidzik kernel: [    0.261218] pci 0000:00:05.0: reg 0x10: [mem 0xf0804000-0xf0807fff]
Nov 21 18:03:16 nidzik kernel: [    0.273737] pci 0000:00:06.0: [106b:003f] type 00 class 0x0c0310
Nov 21 18:03:16 nidzik kernel: [    0.274266] pci 0000:00:06.0: reg 0x10: [mem 0xf0808000-0xf0808fff]
Nov 21 18:03:16 nidzik kernel: [    0.286679] pci 0000:00:07.0: [8086:7113] type 00 class 0x068000
Nov 21 18:03:16 nidzik kernel: [    0.287071] pci 0000:00:07.0: quirk: [io  0x4000-0x403f] claimed by PIIX4 ACPI
Nov 21 18:03:16 nidzik kernel: [    0.287129] pci 0000:00:07.0: quirk: [io  0x4100-0x410f] claimed by PIIX4 SMB
Nov 21 18:03:16 nidzik kernel: [    0.288236] pci 0000:00:0b.0: [8086:265c] type 00 class 0x0c0320
Nov 21 18:03:16 nidzik kernel: [    0.289233] pci 0000:00:0b.0: reg 0x10: [mem 0xf0809000-0xf0809fff]
Nov 21 18:03:16 nidzik kernel: [    0.302726] pci 0000:00:0d.0: [8086:2829] type 00 class 0x010601
Nov 21 18:03:16 nidzik kernel: [    0.304225] pci 0000:00:0d.0: reg 0x10: [io  0xd040-0xd047]
Nov 21 18:03:16 nidzik kernel: [    0.305263] pci 0000:00:0d.0: reg 0x14: [io  0xd048-0xd04b]
Nov 21 18:03:16 nidzik kernel: [    0.308236] pci 0000:00:0d.0: reg 0x18: [io  0xd050-0xd057]
Nov 21 18:03:16 nidzik kernel: [    0.310220] pci 0000:00:0d.0: reg 0x1c: [io  0xd058-0xd05b]
Nov 21 18:03:16 nidzik kernel: [    0.311112] pci 0000:00:0d.0: reg 0x20: [io  0xd060-0xd06f]
Nov 21 18:03:16 nidzik kernel: [    0.314266] pci 0000:00:0d.0: reg 0x24: [mem 0xf080a000-0xf080bfff]
Nov 21 18:03:16 nidzik kernel: [    0.318363] ACPI: PCI Interrupt Link [LNKA] (IRQs 5 9 10 *11)
Nov 21 18:03:16 nidzik kernel: [    0.318877] ACPI: PCI Interrupt Link [LNKB] (IRQs 5 9 *10 11)
Nov 21 18:03:16 nidzik kernel: [    0.319220] ACPI: PCI Interrupt Link [LNKC] (IRQs 5 *9 10 11)
Nov 21 18:03:16 nidzik kernel: [    0.319616] ACPI: PCI Interrupt Link [LNKD] (IRQs 5 9 10 *11)
Nov 21 18:03:16 nidzik kernel: [    0.320427] pci 0000:00:02.0: vgaarb: setting as boot VGA device
Nov 21 18:03:16 nidzik kernel: [    0.320467] pci 0000:00:02.0: vgaarb: VGA device added: decodes=io+mem,owns=io+mem,locks=none
Nov 21 18:03:16 nidzik kernel: [    0.321137] pci 0000:00:02.0: vgaarb: bridge control possible
Nov 21 18:03:16 nidzik kernel: [    0.321472] vgaarb: loaded
Nov 21 18:03:16 nidzik kernel: [    0.322208] SCSI subsystem initialized
Nov 21 18:03:16 nidzik kernel: [    0.323240] libata version 3.00 loaded.
Nov 21 18:03:16 nidzik kernel: [    0.323292] ACPI: bus type USB registered
Nov 21 18:03:16 nidzik kernel: [    0.323666] usbcore: registered new interface driver usbfs
Nov 21 18:03:16 nidzik kernel: [    0.324037] usbcore: registered new interface driver hub
Nov 21 18:03:16 nidzik kernel: [    0.324180] usbcore: registered new device driver usb
Nov 21 18:03:16 nidzik kernel: [    0.324653] pps_core: LinuxPPS API ver. 1 registered
Nov 21 18:03:16 nidzik kernel: [    0.325118] pps_core: Software ver. 5.3.6 - Copyright 2005-2007 Rodolfo Giometti <giometti@linux.it>
Nov 21 18:03:16 nidzik kernel: [    0.325624] PTP clock support registered
Nov 21 18:03:16 nidzik kernel: [    0.326213] EDAC MC: Ver: 3.0.0
Nov 21 18:03:16 nidzik kernel: [    0.327208] Advanced Linux Sound Architecture Driver Initialized.
Nov 21 18:03:16 nidzik kernel: [    0.327654] PCI: Using ACPI for IRQ routing
Nov 21 18:03:16 nidzik kernel: [    0.327977] PCI: pci_cache_line_size set to 64 bytes
Nov 21 18:03:16 nidzik kernel: [    0.328188] e820: reserve RAM buffer [mem 0x0009fc00-0x0009ffff]
Nov 21 18:03:16 nidzik kernel: [    0.328194] e820: reserve RAM buffer [mem 0xdd5f0000-0xdfffffff]
Nov 21 18:03:16 nidzik kernel: [    0.328342] NetLabel: Initializing
Nov 21 18:03:16 nidzik kernel: [    0.328691] NetLabel:  domain hash size = 128
Nov 21 18:03:16 nidzik kernel: [    0.329017] NetLabel:  protocols = UNLABELED CIPSOv4 CALIPSO
Nov 21 18:03:16 nidzik kernel: [    0.329144] NetLabel:  unlabeled traffic allowed by default
Nov 21 18:03:16 nidzik kernel: [    0.330185] clocksource: Switched to clocksource tsc-early
Nov 21 18:03:16 nidzik kernel: [    0.341563] VFS: Disk quotas dquot_6.6.0
Nov 21 18:03:16 nidzik kernel: [    0.342125] VFS: Dquot-cache hash table entries: 512 (order 0, 4096 bytes)
Nov 21 18:03:16 nidzik kernel: [    0.342558] pnp: PnP ACPI init
Nov 21 18:03:16 nidzik kernel: [    0.342930] pnp 00:00: Plug and Play ACPI device, IDs PNP0303 (active)
Nov 21 18:03:16 nidzik kernel: [    0.343008] pnp 00:01: Plug and Play ACPI device, IDs PNP0f03 (active)
Nov 21 18:03:16 nidzik kernel: [    0.343636] pnp: PnP ACPI: found 2 devices
Nov 21 18:03:16 nidzik kernel: [    0.361042] clocksource: acpi_pm: mask: 0xffffff max_cycles: 0xffffff, max_idle_ns: 2085701024 ns
Nov 21 18:03:16 nidzik kernel: [    0.361562] pci_bus 0000:00: resource 4 [io  0x0000-0x0cf7 window]
Nov 21 18:03:16 nidzik kernel: [    0.361583] pci_bus 0000:00: resource 5 [io  0x0d00-0xffff window]
Nov 21 18:03:16 nidzik kernel: [    0.361585] pci_bus 0000:00: resource 6 [mem 0x000a0000-0x000bffff window]
Nov 21 18:03:16 nidzik kernel: [    0.361587] pci_bus 0000:00: resource 7 [mem 0xdd600000-0xfdffffff window]
Nov 21 18:03:16 nidzik kernel: [    0.361640] NET: Registered protocol family 2
Nov 21 18:03:16 nidzik kernel: [    0.362167] tcp_listen_portaddr_hash hash table entries: 2048 (order: 3, 32768 bytes)
Nov 21 18:03:16 nidzik kernel: [    0.362618] TCP established hash table entries: 32768 (order: 6, 262144 bytes)
Nov 21 18:03:16 nidzik kernel: [    0.363188] TCP bind hash table entries: 32768 (order: 7, 524288 bytes)
Nov 21 18:03:16 nidzik kernel: [    0.363560] TCP: Hash tables configured (established 32768 bind 32768)
Nov 21 18:03:16 nidzik kernel: [    0.364007] UDP hash table entries: 2048 (order: 4, 65536 bytes)
Nov 21 18:03:16 nidzik kernel: [    0.364376] UDP-Lite hash table entries: 2048 (order: 4, 65536 bytes)
Nov 21 18:03:16 nidzik kernel: [    0.364757] NET: Registered protocol family 1
Nov 21 18:03:16 nidzik kernel: [    0.365464] RPC: Registered named UNIX socket transport module.
Nov 21 18:03:16 nidzik kernel: [    0.365786] RPC: Registered udp transport module.
Nov 21 18:03:16 nidzik kernel: [    0.366133] RPC: Registered tcp transport module.
Nov 21 18:03:16 nidzik kernel: [    0.366425] RPC: Registered tcp NFSv4.1 backchannel transport module.
Nov 21 18:03:16 nidzik kernel: [    0.367122] pci 0000:00:00.0: Limiting direct PCI/PCI transfers
Nov 21 18:03:16 nidzik kernel: [    0.367475] pci 0000:00:01.0: Activating ISA DMA hang workarounds
Nov 21 18:03:16 nidzik kernel: [    0.367837] pci 0000:00:02.0: Video device with shadowed ROM at [mem 0x000c0000-0x000dffff]
Nov 21 18:03:16 nidzik kernel: [    0.370356] PCI: CLS 0 bytes, default 64
Nov 21 18:03:16 nidzik kernel: [    0.370773] RAPL PMU: API unit is 2^-32 Joules, 3 fixed counters, 10737418240 ms ovfl timer
Nov 21 18:03:16 nidzik kernel: [    0.371163] RAPL PMU: hw unit of domain pp0-core 2^-0 Joules
Nov 21 18:03:16 nidzik kernel: [    0.371380] RAPL PMU: hw unit of domain package 2^-0 Joules
Nov 21 18:03:16 nidzik kernel: [    0.372571] RAPL PMU: hw unit of domain pp1-gpu 2^-0 Joules
Nov 21 18:03:16 nidzik kernel: [    0.373119] platform rtc_cmos: registered platform RTC device (no PNP device found)
Nov 21 18:03:16 nidzik kernel: [    0.378788] check: Scanning for low memory corruption every 60 seconds
Nov 21 18:03:16 nidzik kernel: [    0.383982] Initialise system trusted keyrings
Nov 21 18:03:16 nidzik kernel: [    0.384536] workingset: timestamp_bits=56 max_order=20 bucket_order=0
Nov 21 18:03:16 nidzik kernel: [    0.389388] NFS: Registering the id_resolver key type
Nov 21 18:03:16 nidzik kernel: [    0.389730] Key type id_resolver registered
Nov 21 18:03:16 nidzik kernel: [    0.390003] Key type id_legacy registered
Nov 21 18:03:16 nidzik kernel: [    0.405348] Key type asymmetric registered
Nov 21 18:03:16 nidzik kernel: [    0.405619] Asymmetric key parser 'x509' registered
Nov 21 18:03:16 nidzik kernel: [    0.405999] Block layer SCSI generic (bsg) driver version 0.4 loaded (major 251)
Nov 21 18:03:16 nidzik kernel: [    0.406532] io scheduler noop registered
Nov 21 18:03:16 nidzik kernel: [    0.406838] io scheduler deadline registered
Nov 21 18:03:16 nidzik kernel: [    0.407212] io scheduler cfq registered (default)
Nov 21 18:03:16 nidzik kernel: [    0.407646] io scheduler mq-deadline registered
Nov 21 18:03:16 nidzik kernel: [    0.407971] io scheduler kyber registered
Nov 21 18:03:16 nidzik kernel: [    0.408973] ACPI: AC Adapter [AC] (on-line)
Nov 21 18:03:16 nidzik kernel: [    0.409419] input: Power Button as /devices/LNXSYSTM:00/LNXPWRBN:00/input/input0
Nov 21 18:03:16 nidzik kernel: [    0.410005] ACPI: Power Button [PWRF]
Nov 21 18:03:16 nidzik kernel: [    0.410443] input: Sleep Button as /devices/LNXSYSTM:00/LNXSLPBN:00/input/input1
Nov 21 18:03:16 nidzik kernel: [    0.410978] ACPI: Sleep Button [SLPF]
Nov 21 18:03:16 nidzik kernel: [    0.411305] ACPI: Video Device [GFX0] (multi-head: yes  rom: no  post: no)
Nov 21 18:03:16 nidzik kernel: [    0.413088] input: Video Bus as /devices/LNXSYSTM:00/LNXSYBUS:00/PNP0A03:00/LNXVIDEO:00/input/input2
Nov 21 18:03:16 nidzik kernel: [    0.415072] Serial: 8250/16550 driver, 4 ports, IRQ sharing enabled
Nov 21 18:03:16 nidzik kernel: [    0.418140] Non-volatile memory driver v1.3
Nov 21 18:03:16 nidzik kernel: [    0.418627] Linux agpgart interface v0.103
Nov 21 18:03:16 nidzik kernel: [    0.425118] loop: module loaded
Nov 21 18:03:16 nidzik kernel: [    0.425561] ahci 0000:00:0d.0: version 3.0
Nov 21 18:03:16 nidzik kernel: [    0.426154] ahci 0000:00:0d.0: SSS flag set, parallel bus scan disabled
Nov 21 18:03:16 nidzik kernel: [    0.426685] ahci 0000:00:0d.0: AHCI 0001.0100 32 slots 2 ports 3 Gbps 0x3 impl SATA mode
Nov 21 18:03:16 nidzik kernel: [    0.427130] ahci 0000:00:0d.0: flags: 64bit ncq stag only ccc 
Nov 21 18:03:16 nidzik kernel: [    0.428518] scsi host0: ahci
Nov 21 18:03:16 nidzik kernel: [    0.429681] scsi host1: ahci
Nov 21 18:03:16 nidzik kernel: [    0.430122] ata1: SATA max UDMA/133 abar m8192@0xf080a000 port 0xf080a100 irq 21
Nov 21 18:03:16 nidzik kernel: [    0.430601] ata2: SATA max UDMA/133 abar m8192@0xf080a000 port 0xf080a180 irq 21
Nov 21 18:03:16 nidzik kernel: [    0.431364] e100: Intel(R) PRO/100 Network Driver, 3.5.24-k2-NAPI
Nov 21 18:03:16 nidzik kernel: [    0.431881] e100: Copyright(c) 1999-2006 Intel Corporation
Nov 21 18:03:16 nidzik kernel: [    0.432267] e1000: Intel(R) PRO/1000 Network Driver - version 7.3.21-k8-NAPI
Nov 21 18:03:16 nidzik kernel: [    0.432706] e1000: Copyright (c) 1999-2006 Intel Corporation.
Nov 21 18:03:16 nidzik kernel: [    0.736653] ata1: SATA link up 3.0 Gbps (SStatus 123 SControl 300)
Nov 21 18:03:16 nidzik kernel: [    0.737334] ata1.00: ATA-6: VBOX HARDDISK, 1.0, max UDMA/133
Nov 21 18:03:16 nidzik kernel: [    0.737796] ata1.00: 41914368 sectors, multi 128: LBA48 NCQ (depth 32)
Nov 21 18:03:16 nidzik kernel: [    0.738764] ata1.00: configured for UDMA/133
Nov 21 18:03:16 nidzik kernel: [    0.739456] scsi 0:0:0:0: Direct-Access     ATA      VBOX HARDDISK    1.0  PQ: 0 ANSI: 5
Nov 21 18:03:16 nidzik kernel: [    0.740464] sd 0:0:0:0: Attached scsi generic sg0 type 0
Nov 21 18:03:16 nidzik kernel: [    0.740650] sd 0:0:0:0: [sda] 41914368 512-byte logical blocks: (21.5 GB/20.0 GiB)
Nov 21 18:03:16 nidzik kernel: [    0.741623] sd 0:0:0:0: [sda] Write Protect is off
Nov 21 18:03:16 nidzik kernel: [    0.742033] sd 0:0:0:0: [sda] Mode Sense: 00 3a 00 00
Nov 21 18:03:16 nidzik kernel: [    0.742075] sd 0:0:0:0: [sda] Write cache: enabled, read cache: enabled, doesn't support DPO or FUA
Nov 21 18:03:16 nidzik kernel: [    0.819506] e1000 0000:00:03.0 eth0: (PCI:33MHz:32-bit) 08:00:27:9d:4d:3c
Nov 21 18:03:16 nidzik kernel: [    0.820049] e1000 0000:00:03.0 eth0: Intel(R) PRO/1000 Network Connection
Nov 21 18:03:16 nidzik kernel: [    0.821739] e1000e: Intel(R) PRO/1000 Network Driver - 3.2.6-k
Nov 21 18:03:16 nidzik kernel: [    0.822401] e1000e: Copyright(c) 1999 - 2015 Intel Corporation.
Nov 21 18:03:16 nidzik kernel: [    0.822783] sky2: driver version 1.30
Nov 21 18:03:16 nidzik kernel: [    0.823621] ehci_hcd: USB 2.0 'Enhanced' Host Controller (EHCI) Driver
Nov 21 18:03:16 nidzik kernel: [    0.824047] ehci-pci: EHCI PCI platform driver
Nov 21 18:03:16 nidzik kernel: [    0.824781] ehci-pci 0000:00:0b.0: EHCI Host Controller
Nov 21 18:03:16 nidzik kernel: [    0.825292] ehci-pci 0000:00:0b.0: new USB bus registered, assigned bus number 1
Nov 21 18:03:16 nidzik kernel: [    0.825959] ehci-pci 0000:00:0b.0: irq 19, io mem 0xf0809000
Nov 21 18:03:16 nidzik kernel: [    0.831913]  sda: sda1 sda2 sda3 sda4
Nov 21 18:03:16 nidzik kernel: [    0.833012] ehci-pci 0000:00:0b.0: USB 2.0 started, EHCI 1.00
Nov 21 18:03:16 nidzik kernel: [    0.833143] sd 0:0:0:0: [sda] Attached SCSI disk
Nov 21 18:03:16 nidzik kernel: [    0.833644] usb usb1: New USB device found, idVendor=1d6b, idProduct=0002, bcdDevice= 4.20
Nov 21 18:03:16 nidzik kernel: [    0.834366] usb usb1: New USB device strings: Mfr=3, Product=2, SerialNumber=1
Nov 21 18:03:16 nidzik kernel: [    0.835243] usb usb1: Product: EHCI Host Controller
Nov 21 18:03:16 nidzik kernel: [    0.835704] usb usb1: Manufacturer: Linux 4.20.0-rc3-00087-gc8ce94b8fe53 ehci_hcd
Nov 21 18:03:16 nidzik kernel: [    0.836113] usb usb1: SerialNumber: 0000:00:0b.0
Nov 21 18:03:16 nidzik kernel: [    0.836690] hub 1-0:1.0: USB hub found
Nov 21 18:03:16 nidzik kernel: [    0.838050] hub 1-0:1.0: 12 ports detected
Nov 21 18:03:16 nidzik kernel: [    0.838847] ohci_hcd: USB 1.1 'Open' Host Controller (OHCI) Driver
Nov 21 18:03:16 nidzik kernel: [    0.839327] ohci-pci: OHCI PCI platform driver
Nov 21 18:03:16 nidzik kernel: [    0.840217] ohci-pci 0000:00:06.0: OHCI PCI host controller
Nov 21 18:03:16 nidzik kernel: [    0.840715] ohci-pci 0000:00:06.0: new USB bus registered, assigned bus number 2
Nov 21 18:03:16 nidzik kernel: [    0.841374] ohci-pci 0000:00:06.0: irq 22, io mem 0xf0808000
Nov 21 18:03:16 nidzik kernel: [    0.893380] usb usb2: New USB device found, idVendor=1d6b, idProduct=0001, bcdDevice= 4.20
Nov 21 18:03:16 nidzik kernel: [    0.894299] usb usb2: New USB device strings: Mfr=3, Product=2, SerialNumber=1
Nov 21 18:03:16 nidzik kernel: [    0.894724] usb usb2: Product: OHCI PCI host controller
Nov 21 18:03:16 nidzik kernel: [    0.895025] usb usb2: Manufacturer: Linux 4.20.0-rc3-00087-gc8ce94b8fe53 ohci_hcd
Nov 21 18:03:16 nidzik kernel: [    0.895455] usb usb2: SerialNumber: 0000:00:06.0
Nov 21 18:03:16 nidzik kernel: [    0.896128] hub 2-0:1.0: USB hub found
Nov 21 18:03:16 nidzik kernel: [    0.896496] hub 2-0:1.0: 12 ports detected
Nov 21 18:03:16 nidzik kernel: [    0.897387] uhci_hcd: USB Universal Host Controller Interface driver
Nov 21 18:03:16 nidzik kernel: [    0.897875] usbcore: registered new interface driver usblp
Nov 21 18:03:16 nidzik kernel: [    0.898492] usbcore: registered new interface driver usb-storage
Nov 21 18:03:16 nidzik kernel: [    0.898886] i8042: PNP: PS/2 Controller [PNP0303:PS2K,PNP0f03:PS2M] at 0x60,0x64 irq 1,12
Nov 21 18:03:16 nidzik kernel: [    0.899885] serio: i8042 KBD port at 0x60,0x64 irq 1
Nov 21 18:03:16 nidzik kernel: [    0.900285] serio: i8042 AUX port at 0x60,0x64 irq 12
Nov 21 18:03:16 nidzik kernel: [    0.902059] input: AT Translated Set 2 keyboard as /devices/platform/i8042/serio0/input/input3
Nov 21 18:03:16 nidzik kernel: [    0.903081] rtc_cmos rtc_cmos: registered as rtc0
Nov 21 18:03:16 nidzik kernel: [    0.903602] rtc_cmos rtc_cmos: alarms up to one day, 114 bytes nvram
Nov 21 18:03:16 nidzik kernel: [    0.906107] device-mapper: ioctl: 4.39.0-ioctl (2018-04-03) initialised: dm-devel@redhat.com
Nov 21 18:03:16 nidzik kernel: [    0.906829] hidraw: raw HID events driver (C) Jiri Kosina
Nov 21 18:03:16 nidzik kernel: [    0.908919] usbcore: registered new interface driver usbhid
Nov 21 18:03:16 nidzik kernel: [    0.909318] usbhid: USB HID core driver
Nov 21 18:03:16 nidzik kernel: [    0.912252] Initializing XFRM netlink socket
Nov 21 18:03:16 nidzik kernel: [    0.913186] NET: Registered protocol family 10
Nov 21 18:03:16 nidzik kernel: [    0.914042] Segment Routing with IPv6
Nov 21 18:03:16 nidzik kernel: [    0.915288] sit: IPv6, IPv4 and MPLS over IPv4 tunneling driver
Nov 21 18:03:16 nidzik kernel: [    0.916041] NET: Registered protocol family 17
Nov 21 18:03:16 nidzik kernel: [    0.916354] Key type dns_resolver registered
Nov 21 18:03:16 nidzik kernel: [    0.918707] sched_clock: Marking stable (878417504, 40234915)->(1034671431, -116019012)
Nov 21 18:03:16 nidzik kernel: [    0.923724] registered taskstats version 1
Nov 21 18:03:16 nidzik kernel: [    0.924284] Loading compiled-in X.509 certificates
Nov 21 18:03:16 nidzik kernel: [    0.925008]   Magic number: 10:374:37
Nov 21 18:03:16 nidzik kernel: [    0.925493] bdi 7:2: hash matches
Nov 21 18:03:16 nidzik kernel: [    0.925933] printk: console [netcon0] enabled
Nov 21 18:03:16 nidzik kernel: [    0.926411] netconsole: network logging started
Nov 21 18:03:16 nidzik kernel: [    0.926956] cfg80211: Loading compiled-in X.509 certificates for regulatory database
Nov 21 18:03:16 nidzik kernel: [    0.927171] hdaudio hdaudioC0D0: Unable to bind the codec
Nov 21 18:03:16 nidzik kernel: [    0.928450] cfg80211: Loaded X.509 cert 'sforshee: 00b28ddf47aef9cea7'
Nov 21 18:03:16 nidzik kernel: [    0.928851] ALSA device list:
Nov 21 18:03:16 nidzik kernel: [    0.929110]   No soundcards found.
Nov 21 18:03:16 nidzik kernel: [    0.929421] platform regulatory.0: Direct firmware load for regulatory.db failed with error -2
Nov 21 18:03:16 nidzik kernel: [    0.930451] cfg80211: failed to load regulatory.db
Nov 21 18:03:16 nidzik kernel: [    1.050598] ata2: SATA link up 3.0 Gbps (SStatus 123 SControl 300)
Nov 21 18:03:16 nidzik kernel: [    1.051225] ata2.00: ATAPI: VBOX CD-ROM, 1.0, max UDMA/133
Nov 21 18:03:16 nidzik kernel: [    1.051550] ata2.00: applying bridge limits
Nov 21 18:03:16 nidzik kernel: [    1.052223] ata2.00: configured for UDMA/100
Nov 21 18:03:16 nidzik kernel: [    1.053014] scsi 1:0:0:0: CD-ROM            VBOX     CD-ROM           1.0  PQ: 0 ANSI: 5
Nov 21 18:03:16 nidzik kernel: [    1.053769] kworker/u8:5 (1090) used greatest stack depth: 14120 bytes left
Nov 21 18:03:16 nidzik kernel: [    1.085274] sr 1:0:0:0: [sr0] scsi-1 drive
Nov 21 18:03:16 nidzik kernel: [    1.085560] cdrom: Uniform CD-ROM driver Revision: 3.20
Nov 21 18:03:16 nidzik kernel: [    1.086136] sr 1:0:0:0: Attached scsi CD-ROM sr0
Nov 21 18:03:16 nidzik kernel: [    1.086544] sr 1:0:0:0: Attached scsi generic sg1 type 5
Nov 21 18:03:16 nidzik kernel: [    1.119217] random: fast init done
Nov 21 18:03:16 nidzik kernel: [    1.121746] input: ImExPS/2 Generic Explorer Mouse as /devices/platform/i8042/serio1/input/input5
Nov 21 18:03:16 nidzik kernel: [    1.123347] md: Waiting for all devices to be available before autodetect
Nov 21 18:03:16 nidzik kernel: [    1.123708] md: If you don't use raid, use raid=noautodetect
Nov 21 18:03:16 nidzik kernel: [    1.124231] md: Autodetecting RAID arrays.
Nov 21 18:03:16 nidzik kernel: [    1.124536] md: autorun ...
Nov 21 18:03:16 nidzik kernel: [    1.124816] md: ... autorun DONE.
Nov 21 18:03:16 nidzik kernel: [    1.276290] usb 2-1: new full-speed USB device number 2 using ohci-pci
Nov 21 18:03:16 nidzik kernel: [    1.339553] EXT4-fs (sda1): mounted filesystem with ordered data mode. Opts: (null)
Nov 21 18:03:16 nidzik kernel: [    1.340096] VFS: Mounted root (ext4 filesystem) readonly on device 8:1.
Nov 21 18:03:16 nidzik kernel: [    1.406059] tsc: Refined TSC clocksource calibration: 2893.410 MHz
Nov 21 18:03:16 nidzik kernel: [    1.406498] clocksource: tsc: mask: 0xffffffffffffffff max_cycles: 0x29b4f1ed1d9, max_idle_ns: 440795283694 ns
Nov 21 18:03:16 nidzik kernel: [    1.407218] clocksource: Switched to clocksource tsc
Nov 21 18:03:16 nidzik kernel: [    1.435010] devtmpfs: mounted
Nov 21 18:03:16 nidzik kernel: [    1.435844] Freeing unused kernel image memory: 1244K
Nov 21 18:03:16 nidzik kernel: [    1.442226] Write protecting the kernel read-only data: 18432k
Nov 21 18:03:16 nidzik kernel: [    1.443373] Freeing unused kernel image memory: 2008K
Nov 21 18:03:16 nidzik kernel: [    1.444160] Freeing unused kernel image memory: 988K
Nov 21 18:03:16 nidzik kernel: [    1.444597] Run /sbin/init as init process
Nov 21 18:03:16 nidzik kernel: [    1.516455] usb 2-1: New USB device found, idVendor=80ee, idProduct=0021, bcdDevice= 1.00
Nov 21 18:03:16 nidzik kernel: [    1.516934] usb 2-1: New USB device strings: Mfr=1, Product=3, SerialNumber=0
Nov 21 18:03:16 nidzik kernel: [    1.517188] usb 2-1: Product: USB Tablet
Nov 21 18:03:16 nidzik kernel: [    1.517524] usb 2-1: Manufacturer: VirtualBox
Nov 21 18:03:16 nidzik kernel: [    1.529065] input: VirtualBox USB Tablet as /devices/pci0000:00/0000:00:06.0/usb2/2-1/2-1:1.0/0003:80EE:0021.0001/input/input6
Nov 21 18:03:16 nidzik kernel: [    1.530207] hid-generic 0003:80EE:0021.0001: input,hidraw0: USB HID v1.10 Mouse [VirtualBox USB Tablet] on usb-0000:00:06.0-1/input0
Nov 21 18:03:16 nidzik kernel: [    2.837026] random: crng init done
Nov 21 18:03:16 nidzik kernel: [    4.418858] stty (1123) used greatest stack depth: 13840 bytes left
Nov 21 18:03:16 nidzik kernel: [    5.607089] ls (1126) used greatest stack depth: 13704 bytes left
Nov 21 18:03:16 nidzik kernel: [    8.543036] ip (1183) used greatest stack depth: 13640 bytes left
Nov 21 18:03:16 nidzik kernel: [    8.545082] ip (1184) used greatest stack depth: 12168 bytes left
Nov 21 18:03:16 nidzik kernel: <30>[    9.337495] udevd[1214]: starting version 3.2.2
Nov 21 18:03:16 nidzik kernel: <30>[   10.773208] udevd[1216]: starting eudev-3.2.2
Nov 21 18:03:16 nidzik kernel: [   11.281485] hrtimer: interrupt took 3671541 ns
Nov 21 18:03:16 nidzik kernel: [   11.505519] e1000 0000:00:03.0 enp0s3: renamed from eth0
Nov 21 18:03:16 nidzik kernel: [   11.806031] Adding 1048572k swap on /dev/sda3.  Priority:1 extents:1 across:1048572k 
Nov 21 18:03:16 nidzik kernel: [   11.888865] EXT4-fs (sda1): re-mounted. Opts: (null)
Nov 21 18:03:16 nidzik kernel: [   13.586337] EXT4-fs (sda1): re-mounted. Opts: (null)
Nov 21 18:03:16 nidzik kernel: [   13.911517] EXT4-fs (sda4): mounting ext2 file system using the ext4 subsystem
Nov 21 18:03:16 nidzik kernel: [   14.176512] EXT4-fs (sda4): mounted filesystem without journal. Opts: (null)
Nov 21 18:03:16 nidzik kernel: [   14.611585] EXT4-fs (sda2): mounted filesystem with ordered data mode. Opts: (null)
Nov 21 18:03:17 nidzik kernel: [   18.719778] IPv6: ADDRCONF(NETDEV_UP): enp0s3: link is not ready
Nov 21 18:03:17 nidzik kernel: [   18.721326] e1000: enp0s3 NIC Link is Up 1000 Mbps Full Duplex, Flow Control: RX
Nov 21 18:03:17 nidzik kernel: [   18.722183] IPv6: ADDRCONF(NETDEV_CHANGE): enp0s3: link becomes ready
